Archive member included because of file (symbol)

/home/marco/ARMToolchain/gcc-arm-none-eabi-4_9-2015q2/bin/../lib/gcc/arm-none-eabi/4.9.3/../../../../arm-none-eabi/lib/armv6-m/libc_nano.a(lib_a-exit.o)
                              /home/marco/ARMToolchain/gcc-arm-none-eabi-4_9-2015q2/bin/../lib/gcc/arm-none-eabi/4.9.3/../../../../arm-none-eabi/lib/armv6-m/crt0.o (exit)
/home/marco/ARMToolchain/gcc-arm-none-eabi-4_9-2015q2/bin/../lib/gcc/arm-none-eabi/4.9.3/../../../../arm-none-eabi/lib/armv6-m/libc_nano.a(lib_a-impure.o)
                              /home/marco/ARMToolchain/gcc-arm-none-eabi-4_9-2015q2/bin/../lib/gcc/arm-none-eabi/4.9.3/../../../../arm-none-eabi/lib/armv6-m/libc_nano.a(lib_a-exit.o) (_global_impure_ptr)
/home/marco/ARMToolchain/gcc-arm-none-eabi-4_9-2015q2/bin/../lib/gcc/arm-none-eabi/4.9.3/../../../../arm-none-eabi/lib/armv6-m/libc_nano.a(lib_a-init.o)
                              /home/marco/ARMToolchain/gcc-arm-none-eabi-4_9-2015q2/bin/../lib/gcc/arm-none-eabi/4.9.3/../../../../arm-none-eabi/lib/armv6-m/crt0.o (__libc_init_array)
/home/marco/ARMToolchain/gcc-arm-none-eabi-4_9-2015q2/bin/../lib/gcc/arm-none-eabi/4.9.3/../../../../arm-none-eabi/lib/armv6-m/libc_nano.a(lib_a-memset.o)
                              /home/marco/ARMToolchain/gcc-arm-none-eabi-4_9-2015q2/bin/../lib/gcc/arm-none-eabi/4.9.3/../../../../arm-none-eabi/lib/armv6-m/crt0.o (memset)
/home/marco/ARMToolchain/gcc-arm-none-eabi-4_9-2015q2/bin/../lib/gcc/arm-none-eabi/4.9.3/../../../../arm-none-eabi/lib/armv6-m/libnosys.a(_exit.o)
                              /home/marco/ARMToolchain/gcc-arm-none-eabi-4_9-2015q2/bin/../lib/gcc/arm-none-eabi/4.9.3/../../../../arm-none-eabi/lib/armv6-m/libc_nano.a(lib_a-exit.o) (_exit)
/home/marco/ARMToolchain/gcc-arm-none-eabi-4_9-2015q2/bin/../lib/gcc/arm-none-eabi/4.9.3/armv6-m/libgcc.a(_udivsi3.o)
                              _build/app_pwm.o (__aeabi_uidiv)
/home/marco/ARMToolchain/gcc-arm-none-eabi-4_9-2015q2/bin/../lib/gcc/arm-none-eabi/4.9.3/armv6-m/libgcc.a(_divsi3.o)
                              _build/led_strip.o (__aeabi_idiv)
/home/marco/ARMToolchain/gcc-arm-none-eabi-4_9-2015q2/bin/../lib/gcc/arm-none-eabi/4.9.3/armv6-m/libgcc.a(_dvmd_tls.o)
                              /home/marco/ARMToolchain/gcc-arm-none-eabi-4_9-2015q2/bin/../lib/gcc/arm-none-eabi/4.9.3/armv6-m/libgcc.a(_udivsi3.o) (__aeabi_idiv0)
/home/marco/ARMToolchain/gcc-arm-none-eabi-4_9-2015q2/bin/../lib/gcc/arm-none-eabi/4.9.3/../../../../arm-none-eabi/lib/armv6-m/libc_nano.a(lib_a-memcmp.o)
                              _build/ble_scanner.o (memcmp)
/home/marco/ARMToolchain/gcc-arm-none-eabi-4_9-2015q2/bin/../lib/gcc/arm-none-eabi/4.9.3/../../../../arm-none-eabi/lib/armv6-m/libc_nano.a(lib_a-memcpy.o)
                              _build/ble_periph.o (memcpy)
/home/marco/ARMToolchain/gcc-arm-none-eabi-4_9-2015q2/bin/../lib/gcc/arm-none-eabi/4.9.3/../../../../arm-none-eabi/lib/armv6-m/libc_nano.a(lib_a-strlen.o)
                              _build/ble_periph.o (strlen)

Allocating common symbols
Common symbol       size              file

__stdin             0x68              _build/retarget.o
m_pwm_ready_counter
                    0x6               _build/app_pwm.o
m_pwm_PWM1_cb       0x24              _build/led_strip.o
char_values         0x23              _build/dimmer_service.o
__stdout            0x68              _build/retarget.o
m_pwm_PWM2_cb       0x24              _build/led_strip.o

Discarded input sections

 .text          0x00000000        0x0 /home/marco/ARMToolchain/gcc-arm-none-eabi-4_9-2015q2/bin/../lib/gcc/arm-none-eabi/4.9.3/armv6-m/crti.o
 .data          0x00000000        0x0 /home/marco/ARMToolchain/gcc-arm-none-eabi-4_9-2015q2/bin/../lib/gcc/arm-none-eabi/4.9.3/armv6-m/crti.o
 .bss           0x00000000        0x0 /home/marco/ARMToolchain/gcc-arm-none-eabi-4_9-2015q2/bin/../lib/gcc/arm-none-eabi/4.9.3/armv6-m/crti.o
 .data          0x00000000        0x4 /home/marco/ARMToolchain/gcc-arm-none-eabi-4_9-2015q2/bin/../lib/gcc/arm-none-eabi/4.9.3/armv6-m/crtbegin.o
 .data          0x00000000        0x0 /home/marco/ARMToolchain/gcc-arm-none-eabi-4_9-2015q2/bin/../lib/gcc/arm-none-eabi/4.9.3/../../../../arm-none-eabi/lib/armv6-m/crt0.o
 .bss           0x00000000        0x0 /home/marco/ARMToolchain/gcc-arm-none-eabi-4_9-2015q2/bin/../lib/gcc/arm-none-eabi/4.9.3/../../../../arm-none-eabi/lib/armv6-m/crt0.o
 .ARM.extab     0x00000000        0x0 /home/marco/ARMToolchain/gcc-arm-none-eabi-4_9-2015q2/bin/../lib/gcc/arm-none-eabi/4.9.3/../../../../arm-none-eabi/lib/armv6-m/crt0.o
 .text          0x00000000        0x0 /home/marco/ARMToolchain/gcc-arm-none-eabi-4_9-2015q2/bin/../lib/gcc/arm-none-eabi/4.9.3/../../../../arm-none-eabi/lib/armv6-m/libc_nano.a(lib_a-exit.o)
 .data          0x00000000        0x0 /home/marco/ARMToolchain/gcc-arm-none-eabi-4_9-2015q2/bin/../lib/gcc/arm-none-eabi/4.9.3/../../../../arm-none-eabi/lib/armv6-m/libc_nano.a(lib_a-exit.o)
 .bss           0x00000000        0x0 /home/marco/ARMToolchain/gcc-arm-none-eabi-4_9-2015q2/bin/../lib/gcc/arm-none-eabi/4.9.3/../../../../arm-none-eabi/lib/armv6-m/libc_nano.a(lib_a-exit.o)
 .text          0x00000000        0x0 /home/marco/ARMToolchain/gcc-arm-none-eabi-4_9-2015q2/bin/../lib/gcc/arm-none-eabi/4.9.3/../../../../arm-none-eabi/lib/armv6-m/libc_nano.a(lib_a-impure.o)
 .data          0x00000000        0x0 /home/marco/ARMToolchain/gcc-arm-none-eabi-4_9-2015q2/bin/../lib/gcc/arm-none-eabi/4.9.3/../../../../arm-none-eabi/lib/armv6-m/libc_nano.a(lib_a-impure.o)
 .bss           0x00000000        0x0 /home/marco/ARMToolchain/gcc-arm-none-eabi-4_9-2015q2/bin/../lib/gcc/arm-none-eabi/4.9.3/../../../../arm-none-eabi/lib/armv6-m/libc_nano.a(lib_a-impure.o)
 .data._impure_ptr
                0x00000000        0x4 /home/marco/ARMToolchain/gcc-arm-none-eabi-4_9-2015q2/bin/../lib/gcc/arm-none-eabi/4.9.3/../../../../arm-none-eabi/lib/armv6-m/libc_nano.a(lib_a-impure.o)
 .text          0x00000000        0x0 /home/marco/ARMToolchain/gcc-arm-none-eabi-4_9-2015q2/bin/../lib/gcc/arm-none-eabi/4.9.3/../../../../arm-none-eabi/lib/armv6-m/libc_nano.a(lib_a-init.o)
 .data          0x00000000        0x0 /home/marco/ARMToolchain/gcc-arm-none-eabi-4_9-2015q2/bin/../lib/gcc/arm-none-eabi/4.9.3/../../../../arm-none-eabi/lib/armv6-m/libc_nano.a(lib_a-init.o)
 .bss           0x00000000        0x0 /home/marco/ARMToolchain/gcc-arm-none-eabi-4_9-2015q2/bin/../lib/gcc/arm-none-eabi/4.9.3/../../../../arm-none-eabi/lib/armv6-m/libc_nano.a(lib_a-init.o)
 .text          0x00000000        0x0 /home/marco/ARMToolchain/gcc-arm-none-eabi-4_9-2015q2/bin/../lib/gcc/arm-none-eabi/4.9.3/../../../../arm-none-eabi/lib/armv6-m/libc_nano.a(lib_a-memset.o)
 .data          0x00000000        0x0 /home/marco/ARMToolchain/gcc-arm-none-eabi-4_9-2015q2/bin/../lib/gcc/arm-none-eabi/4.9.3/../../../../arm-none-eabi/lib/armv6-m/libc_nano.a(lib_a-memset.o)
 .bss           0x00000000        0x0 /home/marco/ARMToolchain/gcc-arm-none-eabi-4_9-2015q2/bin/../lib/gcc/arm-none-eabi/4.9.3/../../../../arm-none-eabi/lib/armv6-m/libc_nano.a(lib_a-memset.o)
 .text          0x00000000        0x0 /home/marco/ARMToolchain/gcc-arm-none-eabi-4_9-2015q2/bin/../lib/gcc/arm-none-eabi/4.9.3/../../../../arm-none-eabi/lib/armv6-m/libnosys.a(_exit.o)
 .data          0x00000000        0x0 /home/marco/ARMToolchain/gcc-arm-none-eabi-4_9-2015q2/bin/../lib/gcc/arm-none-eabi/4.9.3/../../../../arm-none-eabi/lib/armv6-m/libnosys.a(_exit.o)
 .bss           0x00000000        0x0 /home/marco/ARMToolchain/gcc-arm-none-eabi-4_9-2015q2/bin/../lib/gcc/arm-none-eabi/4.9.3/../../../../arm-none-eabi/lib/armv6-m/libnosys.a(_exit.o)
 .text          0x00000000        0x0 _build/main.o
 .data          0x00000000        0x0 _build/main.o
 .bss           0x00000000        0x0 _build/main.o
 .data.data_byte
                0x00000000        0x1 _build/main.o
 .text          0x00000000        0x0 _build/ble_periph.o
 .data          0x00000000        0x0 _build/ble_periph.o
 .bss           0x00000000        0x0 _build/ble_periph.o
 .text.sd_ble_gap_adv_start
                0x00000000        0x4 _build/ble_periph.o
 .text.sd_ble_gap_adv_stop
                0x00000000        0x4 _build/ble_periph.o
 .text.sd_ble_gap_disconnect
                0x00000000        0x4 _build/ble_periph.o
 .text.sd_ble_gap_appearance_set
                0x00000000        0x4 _build/ble_periph.o
 .text.sd_ble_gap_ppcp_set
                0x00000000        0x4 _build/ble_periph.o
 .text.sd_ble_gap_device_name_set
                0x00000000        0x4 _build/ble_periph.o
 .text.sd_ble_gap_sec_params_reply
                0x00000000        0x4 _build/ble_periph.o
 .text.sd_ble_gatts_sys_attr_set
                0x00000000        0x4 _build/ble_periph.o
 .text.sd_ble_enable
                0x00000000        0x4 _build/ble_periph.o
 .text.conn_params_error_handler
                0x00000000        0xc _build/ble_periph.o
 .text.ble_evt_dispatch
                0x00000000       0xa8 _build/ble_periph.o
 .rodata.ble_evt_dispatch
                0x00000000      0x118 _build/ble_periph.o
 .text.dimmer_data_handler
                0x00000000        0xc _build/ble_periph.o
 .text.on_conn_params_evt
                0x00000000       0x28 _build/ble_periph.o
 .text.ble_periph_init
                0x00000000      0x154 _build/ble_periph.o
 .text.ble_periph_adv_start
                0x00000000       0xb8 _build/ble_periph.o
 .text.ble_periph_adv_stop
                0x00000000        0x8 _build/ble_periph.o
 .data.adv_uuids
                0x00000000        0x4 _build/ble_periph.o
 .bss.BLE_EVT_BUFFER.8277
                0x00000000       0x48 _build/ble_periph.o
 .bss.ble_scan_resp.8292
                0x00000000       0x38 _build/ble_periph.o
 .data.m_conn_handle
                0x00000000        0x2 _build/ble_periph.o
 .rodata.str1.4
                0x00000000        0x7 _build/ble_periph.o
 .bss.ble_adv_data.8291
                0x00000000       0x38 _build/ble_periph.o
 .bss.adv_params
                0x00000000       0x18 _build/ble_periph.o
 .bss.m_dimmer  0x00000000       0x1c _build/ble_periph.o
 .comment       0x00000000       0x71 _build/ble_periph.o
 .ARM.attributes
                0x00000000       0x31 _build/ble_periph.o
 .text          0x00000000        0x0 _build/dimmer_service.o
 .data          0x00000000        0x0 _build/dimmer_service.o
 .bss           0x00000000        0x0 _build/dimmer_service.o
 .text.sd_ble_gatts_service_add
                0x00000000        0x4 _build/dimmer_service.o
 .text.sd_ble_gatts_characteristic_add
                0x00000000        0x4 _build/dimmer_service.o
 .text.sd_ble_uuid_vs_add
                0x00000000        0x4 _build/dimmer_service.o
 .text.ble_dimmer_on_ble_evt
                0x00000000       0x60 _build/dimmer_service.o
 .text.ble_dimmer_init
                0x00000000      0x1e8 _build/dimmer_service.o
 .rodata        0x00000000       0x10 _build/dimmer_service.o
 .text          0x00000000        0x0 _build/ble_scanner.o
 .data          0x00000000        0x0 _build/ble_scanner.o
 .bss           0x00000000        0x0 _build/ble_scanner.o
 .text.sd_ble_gap_scan_stop
                0x00000000        0x4 _build/ble_scanner.o
 .text.conn_stop_scan
                0x00000000        0x8 _build/ble_scanner.o
 .text          0x00000000        0x0 _build/memory.o
 .data          0x00000000        0x0 _build/memory.o
 .bss           0x00000000        0x0 _build/memory.o
 .text.memory_update_field
                0x00000000       0xec _build/memory.o
 .text          0x00000000        0x0 _build/led_strip.o
 .data          0x00000000        0x0 _build/led_strip.o
 .bss           0x00000000        0x0 _build/led_strip.o
 .text.led_turn_off
                0x00000000       0x6c _build/led_strip.o
 .text          0x00000000        0x0 _build/app_pwm.o
 .data          0x00000000        0x0 _build/app_pwm.o
 .bss           0x00000000        0x0 _build/app_pwm.o
 .text.app_pwm_busy_check
                0x00000000       0x44 _build/app_pwm.o
 .text.app_pwm_channel_duty_ticks_get
                0x00000000       0x10 _build/app_pwm.o
 .text.app_pwm_cycle_ticks_get
                0x00000000        0x8 _build/app_pwm.o
 .text.app_pwm_channel_duty_get
                0x00000000       0x1c _build/app_pwm.o
 .text.pwm_calculate_timer_frequency
                0x00000000       0x78 _build/app_pwm.o
 .text.app_pwm_disable
                0x00000000       0xe8 _build/app_pwm.o
 .text.app_pwm_uninit
                0x00000000       0xa4 _build/app_pwm.o
 .text          0x00000000        0x0 _build/app_error.o
 .data          0x00000000        0x0 _build/app_error.o
 .bss           0x00000000        0x0 _build/app_error.o
 .text          0x00000000        0x0 _build/app_fifo.o
 .data          0x00000000        0x0 _build/app_fifo.o
 .bss           0x00000000        0x0 _build/app_fifo.o
 .text.app_fifo_init
                0x00000000       0x28 _build/app_fifo.o
 .text.app_fifo_put
                0x00000000       0x28 _build/app_fifo.o
 .text.app_fifo_get
                0x00000000       0x24 _build/app_fifo.o
 .text.app_fifo_flush
                0x00000000        0x8 _build/app_fifo.o
 .text.app_fifo_read
                0x00000000       0x50 _build/app_fifo.o
 .text.app_fifo_write
                0x00000000       0x54 _build/app_fifo.o
 .comment       0x00000000       0x71 _build/app_fifo.o
 .ARM.attributes
                0x00000000       0x31 _build/app_fifo.o
 .text          0x00000000        0x0 _build/app_timer.o
 .data          0x00000000        0x0 _build/app_timer.o
 .bss           0x00000000        0x0 _build/app_timer.o
 .text.app_timer_create
                0x00000000       0x34 _build/app_timer.o
 .text.app_timer_start
                0x00000000       0xfc _build/app_timer.o
 .text.app_timer_stop
                0x00000000       0xc8 _build/app_timer.o
 .text.app_timer_stop_all
                0x00000000       0xbc _build/app_timer.o
 .text.app_timer_cnt_get
                0x00000000       0x14 _build/app_timer.o
 .text.app_timer_cnt_diff_compute
                0x00000000        0xc _build/app_timer.o
 .text          0x00000000        0x0 _build/app_trace.o
 .data          0x00000000        0x0 _build/app_trace.o
 .bss           0x00000000        0x0 _build/app_trace.o
 .comment       0x00000000       0x71 _build/app_trace.o
 .ARM.attributes
                0x00000000       0x31 _build/app_trace.o
 .text          0x00000000        0x0 _build/nrf_assert.o
 .data          0x00000000        0x0 _build/nrf_assert.o
 .bss           0x00000000        0x0 _build/nrf_assert.o
 .comment       0x00000000       0x71 _build/nrf_assert.o
 .ARM.attributes
                0x00000000       0x31 _build/nrf_assert.o
 .text          0x00000000        0x0 _build/retarget.o
 .data          0x00000000        0x0 _build/retarget.o
 .bss           0x00000000        0x0 _build/retarget.o
 .text._write   0x00000000       0x1c _build/retarget.o
 .text._read    0x00000000       0x14 _build/retarget.o
 .comment       0x00000000       0x71 _build/retarget.o
 .ARM.attributes
                0x00000000       0x31 _build/retarget.o
 COMMON         0x00000000       0xd0 _build/retarget.o
 .text          0x00000000        0x0 _build/nrf_drv_uart.o
 .data          0x00000000        0x0 _build/nrf_drv_uart.o
 .bss           0x00000000        0x0 _build/nrf_drv_uart.o
 .text.nrf_drv_uart_init
                0x00000000      0x110 _build/nrf_drv_uart.o
 .text.nrf_drv_uart_uninit
                0x00000000       0xbc _build/nrf_drv_uart.o
 .text.nrf_drv_uart_tx
                0x00000000       0xb4 _build/nrf_drv_uart.o
 .text.nrf_drv_uart_rx
                0x00000000      0x108 _build/nrf_drv_uart.o
 .text.nrf_drv_uart_rx_enable
                0x00000000       0x2c _build/nrf_drv_uart.o
 .text.nrf_drv_uart_rx_disable
                0x00000000       0x18 _build/nrf_drv_uart.o
 .text.nrf_drv_uart_errorsrc_get
                0x00000000       0x1c _build/nrf_drv_uart.o
 .text.nrf_drv_uart_tx_abort
                0x00000000       0x3c _build/nrf_drv_uart.o
 .text.nrf_drv_uart_rx_abort
                0x00000000       0x1c _build/nrf_drv_uart.o
 .rodata.m_default_config
                0x00000000       0x20 _build/nrf_drv_uart.o
 .text          0x00000000        0x0 _build/nrf_delay.o
 .data          0x00000000        0x0 _build/nrf_delay.o
 .bss           0x00000000        0x0 _build/nrf_delay.o
 .text          0x00000000        0x0 _build/nrf_drv_common.o
 .data          0x00000000        0x0 _build/nrf_drv_common.o
 .bss           0x00000000        0x0 _build/nrf_drv_common.o
 .text          0x00000000        0x0 _build/nrf_drv_gpiote.o
 .data          0x00000000        0x0 _build/nrf_drv_gpiote.o
 .bss           0x00000000        0x0 _build/nrf_drv_gpiote.o
 .text.nrf_drv_gpiote_uninit
                0x00000000       0xec _build/nrf_drv_gpiote.o
 .text.nrf_drv_gpiote_out_set
                0x00000000       0x14 _build/nrf_drv_gpiote.o
 .text.nrf_drv_gpiote_out_clear
                0x00000000       0x14 _build/nrf_drv_gpiote.o
 .text.nrf_drv_gpiote_out_toggle
                0x00000000       0x2c _build/nrf_drv_gpiote.o
 .text.nrf_drv_gpiote_out_task_disable
                0x00000000       0x28 _build/nrf_drv_gpiote.o
 .text.nrf_drv_gpiote_out_task_trigger
                0x00000000       0x20 _build/nrf_drv_gpiote.o
 .text.nrf_drv_gpiote_in_init
                0x00000000      0x17c _build/nrf_drv_gpiote.o
 .text.nrf_drv_gpiote_in_event_enable
                0x00000000       0xa8 _build/nrf_drv_gpiote.o
 .text.nrf_drv_gpiote_in_event_disable
                0x00000000       0x60 _build/nrf_drv_gpiote.o
 .text.nrf_drv_gpiote_in_uninit
                0x00000000       0xa8 _build/nrf_drv_gpiote.o
 .text.nrf_drv_gpiote_in_is_set
                0x00000000       0x14 _build/nrf_drv_gpiote.o
 .text.nrf_drv_gpiote_in_event_addr_get
                0x00000000       0x20 _build/nrf_drv_gpiote.o
 .text          0x00000000        0x0 _build/nrf_drv_timer.o
 .data          0x00000000        0x0 _build/nrf_drv_timer.o
 .bss           0x00000000        0x0 _build/nrf_drv_timer.o
 .text.nrf_drv_timer_disable
                0x00000000       0x14 _build/nrf_drv_timer.o
 .text.nrf_drv_timer_resume
                0x00000000        0x8 _build/nrf_drv_timer.o
 .text.nrf_drv_timer_pause
                0x00000000        0x8 _build/nrf_drv_timer.o
 .text.nrf_drv_timer_increment
                0x00000000        0x8 _build/nrf_drv_timer.o
 .text.nrf_drv_timer_task_address_get
                0x00000000        0x8 _build/nrf_drv_timer.o
 .text.nrf_drv_timer_event_address_get
                0x00000000        0x8 _build/nrf_drv_timer.o
 .text.nrf_drv_timer_capture
                0x00000000       0x20 _build/nrf_drv_timer.o
 .text.nrf_drv_timer_ms_to_ticks
                0x00000000       0x1c _build/nrf_drv_timer.o
 .text          0x00000000        0x0 _build/nrf_soc.o
 .data          0x00000000        0x0 _build/nrf_soc.o
 .bss           0x00000000        0x0 _build/nrf_soc.o
 .text.sd_nvic_EnableIRQ
                0x00000000       0x18 _build/nrf_soc.o
 .text.sd_nvic_DisableIRQ
                0x00000000       0x18 _build/nrf_soc.o
 .text.sd_nvic_GetPendingIRQ
                0x00000000       0x2c _build/nrf_soc.o
 .text.sd_nvic_SetPendingIRQ
                0x00000000       0x1c _build/nrf_soc.o
 .text.sd_nvic_ClearPendingIRQ
                0x00000000       0x1c _build/nrf_soc.o
 .text.sd_nvic_SetPriority
                0x00000000       0x6c _build/nrf_soc.o
 .text.sd_nvic_GetPriority
                0x00000000       0x48 _build/nrf_soc.o
 .text.sd_nvic_SystemReset
                0x00000000       0x18 _build/nrf_soc.o
 .text.sd_nvic_critical_region_enter
                0x00000000       0x1c _build/nrf_soc.o
 .text.sd_nvic_critical_region_exit
                0x00000000       0x1c _build/nrf_soc.o
 .text.sd_app_evt_wait
                0x00000000        0x8 _build/nrf_soc.o
 .bss.m_in_critical_region
                0x00000000        0x1 _build/nrf_soc.o
 .comment       0x00000000       0x71 _build/nrf_soc.o
 .ARM.attributes
                0x00000000       0x31 _build/nrf_soc.o
 .text          0x00000000        0x0 _build/nrf_drv_ppi.o
 .data          0x00000000        0x0 _build/nrf_drv_ppi.o
 .bss           0x00000000        0x0 _build/nrf_drv_ppi.o
 .text.nrf_drv_ppi_uninit
                0x00000000       0x6c _build/nrf_drv_ppi.o
 .text.nrf_drv_ppi_group_disable
                0x00000000       0x24 _build/nrf_drv_ppi.o
 .text          0x00000000        0x0 _build/pstorage.o
 .data          0x00000000        0x0 _build/pstorage.o
 .bss           0x00000000        0x0 _build/pstorage.o
 .text.pstorage_update
                0x00000000       0x88 _build/pstorage.o
 .text.pstorage_access_status_get
                0x00000000       0x28 _build/pstorage.o
 .text          0x00000000        0x0 _build/ble_advdata.o
 .data          0x00000000        0x0 _build/ble_advdata.o
 .bss           0x00000000        0x0 _build/ble_advdata.o
 .text.sd_ble_gap_address_get
                0x00000000        0x4 _build/ble_advdata.o
 .text.sd_ble_gap_adv_data_set
                0x00000000        0x4 _build/ble_advdata.o
 .text.sd_ble_gap_appearance_get
                0x00000000        0x4 _build/ble_advdata.o
 .text.sd_ble_gap_device_name_get
                0x00000000        0x4 _build/ble_advdata.o
 .text.sd_ble_uuid_encode
                0x00000000        0x4 _build/ble_advdata.o
 .text.name_encode
                0x00000000       0x8c _build/ble_advdata.o
 .text.uuid_list_sized_encode
                0x00000000       0xe8 _build/ble_advdata.o
 .text.adv_data_encode
                0x00000000      0x550 _build/ble_advdata.o
 .text.ble_advdata_set
                0x00000000      0x508 _build/ble_advdata.o
 .comment       0x00000000       0x71 _build/ble_advdata.o
 .ARM.attributes
                0x00000000       0x31 _build/ble_advdata.o
 .text          0x00000000        0x0 _build/ble_advertising.o
 .data          0x00000000        0x0 _build/ble_advertising.o
 .bss           0x00000000        0x0 _build/ble_advertising.o
 .text.sd_ble_gap_adv_start
                0x00000000        0x4 _build/ble_advertising.o
 .text.sd_ble_gap_adv_stop
                0x00000000        0x4 _build/ble_advertising.o
 .text.ble_advertising_init
                0x00000000      0x148 _build/ble_advertising.o
 .text.ble_advertising_start
                0x00000000      0x2c0 _build/ble_advertising.o
 .text.ble_advertising_on_ble_evt
                0x00000000       0xb4 _build/ble_advertising.o
 .text.ble_advertising_on_sys_evt
                0x00000000      0x2e0 _build/ble_advertising.o
 .text.ble_advertising_peer_addr_reply
                0x00000000       0x3c _build/ble_advertising.o
 .text.ble_advertising_whitelist_reply
                0x00000000       0xd8 _build/ble_advertising.o
 .text.ble_advertising_restart_without_whitelist
                0x00000000      0x324 _build/ble_advertising.o
 .bss.m_advdata
                0x00000000       0x38 _build/ble_advertising.o
 .bss.m_manuf_specific_data
                0x00000000        0xc _build/ble_advertising.o
 .bss.m_evt_handler
                0x00000000        0x4 _build/ble_advertising.o
 .bss.m_manuf_data_array
                0x00000000       0x1f _build/ble_advertising.o
 .bss.m_whitelist_temporarily_disabled
                0x00000000        0x1 _build/ble_advertising.o
 .bss.m_error_handler
                0x00000000        0x4 _build/ble_advertising.o
 .bss.m_peer_address
                0x00000000        0x7 _build/ble_advertising.o
 .bss.m_adv_modes_config
                0x00000000       0x24 _build/ble_advertising.o
 .bss.mp_whitelist_addr
                0x00000000       0x20 _build/ble_advertising.o
 .bss.m_tx_power_level
                0x00000000        0x1 _build/ble_advertising.o
 .bss.m_whitelist
                0x00000000       0x10 _build/ble_advertising.o
 .bss.m_service_data_array
                0x00000000       0x1f _build/ble_advertising.o
 .bss.m_peer_addr_reply_expected
                0x00000000        0x1 _build/ble_advertising.o
 .bss.m_whitelist_reply_expected
                0x00000000        0x1 _build/ble_advertising.o
 .data.current_slave_link_conn_handle.7183
                0x00000000        0x2 _build/ble_advertising.o
 .bss.mp_whitelist_irk
                0x00000000       0x20 _build/ble_advertising.o
 .bss.m_adv_mode_current
                0x00000000        0x1 _build/ble_advertising.o
 .bss.m_advertising_start_pending
                0x00000000        0x1 _build/ble_advertising.o
 .bss.m_slave_conn_int
                0x00000000        0x4 _build/ble_advertising.o
 .bss.m_service_data
                0x00000000        0xc _build/ble_advertising.o
 .bss.m_adv_evt
                0x00000000        0x1 _build/ble_advertising.o
 .comment       0x00000000       0x71 _build/ble_advertising.o
 .ARM.attributes
                0x00000000       0x31 _build/ble_advertising.o
 .text          0x00000000        0x0 _build/ble_conn_params.o
 .data          0x00000000        0x0 _build/ble_conn_params.o
 .bss           0x00000000        0x0 _build/ble_conn_params.o
 .text.sd_ble_gap_conn_param_update
                0x00000000        0x4 _build/ble_conn_params.o
 .text.sd_ble_gap_disconnect
                0x00000000        0x4 _build/ble_conn_params.o
 .text.sd_ble_gap_ppcp_set
                0x00000000        0x4 _build/ble_conn_params.o
 .text.sd_ble_gap_ppcp_get
                0x00000000        0x4 _build/ble_conn_params.o
 .text.update_timeout_handler
                0x00000000       0x78 _build/ble_conn_params.o
 .text.conn_params_negotiation
                0x00000000       0x88 _build/ble_conn_params.o
 .text.ble_conn_params_init
                0x00000000       0x78 _build/ble_conn_params.o
 .text.ble_conn_params_stop
                0x00000000       0x10 _build/ble_conn_params.o
 .text.ble_conn_params_on_ble_evt
                0x00000000       0xac _build/ble_conn_params.o
 .text.ble_conn_params_change_conn_params
                0x00000000       0x70 _build/ble_conn_params.o
 .bss.m_change_param
                0x00000000        0x1 _build/ble_conn_params.o
 .bss.m_current_conn_params
                0x00000000        0x8 _build/ble_conn_params.o
 .bss.m_update_count
                0x00000000        0x1 _build/ble_conn_params.o
 .bss.m_conn_params_config
                0x00000000       0x1c _build/ble_conn_params.o
 .bss.m_conn_params_timer_id_data
                0x00000000       0x20 _build/ble_conn_params.o
 .rodata.m_conn_params_timer_id
                0x00000000        0x4 _build/ble_conn_params.o
 .bss.m_conn_handle
                0x00000000        0x2 _build/ble_conn_params.o
 .bss.m_preferred_conn_params
                0x00000000        0x8 _build/ble_conn_params.o
 .comment       0x00000000       0x71 _build/ble_conn_params.o
 .ARM.attributes
                0x00000000       0x31 _build/ble_conn_params.o
 .text          0x00000000        0x0 _build/ble_srv_common.o
 .data          0x00000000        0x0 _build/ble_srv_common.o
 .bss           0x00000000        0x0 _build/ble_srv_common.o
 .text.sd_ble_gatts_characteristic_add
                0x00000000        0x4 _build/ble_srv_common.o
 .text.sd_ble_gatts_descriptor_add
                0x00000000        0x4 _build/ble_srv_common.o
 .text.ble_srv_report_ref_encode
                0x00000000        0xc _build/ble_srv_common.o
 .text.ble_srv_ascii_to_utf8
                0x00000000       0x14 _build/ble_srv_common.o
 .text.characteristic_add
                0x00000000      0x368 _build/ble_srv_common.o
 .rodata.characteristic_add
                0x00000000       0x78 _build/ble_srv_common.o
 .text.descriptor_add
                0x00000000      0x15c _build/ble_srv_common.o
 .rodata.descriptor_add
                0x00000000       0x30 _build/ble_srv_common.o
 .comment       0x00000000       0x71 _build/ble_srv_common.o
 .ARM.attributes
                0x00000000       0x31 _build/ble_srv_common.o
 .text          0x00000000        0x0 _build/ble_nus.o
 .data          0x00000000        0x0 _build/ble_nus.o
 .bss           0x00000000        0x0 _build/ble_nus.o
 .text.sd_ble_gatts_service_add
                0x00000000        0x4 _build/ble_nus.o
 .text.sd_ble_gatts_characteristic_add
                0x00000000        0x4 _build/ble_nus.o
 .text.sd_ble_gatts_hvx
                0x00000000        0x4 _build/ble_nus.o
 .text.sd_ble_uuid_vs_add
                0x00000000        0x4 _build/ble_nus.o
 .text.ble_nus_on_ble_evt
                0x00000000       0x60 _build/ble_nus.o
 .text.ble_nus_init
                0x00000000      0x208 _build/ble_nus.o
 .text.ble_nus_string_send
                0x00000000       0x5c _build/ble_nus.o
 .rodata        0x00000000       0x10 _build/ble_nus.o
 .comment       0x00000000       0x71 _build/ble_nus.o
 .ARM.attributes
                0x00000000       0x31 _build/ble_nus.o
 .text          0x00000000        0x0 _build/system_nrf51.o
 .data          0x00000000        0x0 _build/system_nrf51.o
 .bss           0x00000000        0x0 _build/system_nrf51.o
 .text.SystemCoreClockUpdate
                0x00000000       0x10 _build/system_nrf51.o
 .data.SystemCoreClock
                0x00000000        0x4 _build/system_nrf51.o
 .text          0x00000000        0x0 _build/softdevice_handler.o
 .data          0x00000000        0x0 _build/softdevice_handler.o
 .bss           0x00000000        0x0 _build/softdevice_handler.o
 .text.sd_softdevice_disable
                0x00000000        0x4 _build/softdevice_handler.o
 .text.intern_softdevice_events_execute
                0x00000000       0x14 _build/softdevice_handler.o
 .text.softdevice_handler_isEnabled
                0x00000000        0xc _build/softdevice_handler.o
 .text.softdevice_handler_sd_disable
                0x00000000       0x18 _build/softdevice_handler.o
 .data          0x00000000        0x0 _build/gcc_startup_nrf51.o
 .bss           0x00000000        0x0 _build/gcc_startup_nrf51.o
 .ARM.extab     0x00000000        0x0 _build/gcc_startup_nrf51.o
 .data          0x00000000        0x0 /home/marco/ARMToolchain/gcc-arm-none-eabi-4_9-2015q2/bin/../lib/gcc/arm-none-eabi/4.9.3/armv6-m/libgcc.a(_udivsi3.o)
 .bss           0x00000000        0x0 /home/marco/ARMToolchain/gcc-arm-none-eabi-4_9-2015q2/bin/../lib/gcc/arm-none-eabi/4.9.3/armv6-m/libgcc.a(_udivsi3.o)
 .data          0x00000000        0x0 /home/marco/ARMToolchain/gcc-arm-none-eabi-4_9-2015q2/bin/../lib/gcc/arm-none-eabi/4.9.3/armv6-m/libgcc.a(_divsi3.o)
 .bss           0x00000000        0x0 /home/marco/ARMToolchain/gcc-arm-none-eabi-4_9-2015q2/bin/../lib/gcc/arm-none-eabi/4.9.3/armv6-m/libgcc.a(_divsi3.o)
 .data          0x00000000        0x0 /home/marco/ARMToolchain/gcc-arm-none-eabi-4_9-2015q2/bin/../lib/gcc/arm-none-eabi/4.9.3/armv6-m/libgcc.a(_dvmd_tls.o)
 .bss           0x00000000        0x0 /home/marco/ARMToolchain/gcc-arm-none-eabi-4_9-2015q2/bin/../lib/gcc/arm-none-eabi/4.9.3/armv6-m/libgcc.a(_dvmd_tls.o)
 .text          0x00000000        0x0 /home/marco/ARMToolchain/gcc-arm-none-eabi-4_9-2015q2/bin/../lib/gcc/arm-none-eabi/4.9.3/../../../../arm-none-eabi/lib/armv6-m/libc_nano.a(lib_a-memcmp.o)
 .data          0x00000000        0x0 /home/marco/ARMToolchain/gcc-arm-none-eabi-4_9-2015q2/bin/../lib/gcc/arm-none-eabi/4.9.3/../../../../arm-none-eabi/lib/armv6-m/libc_nano.a(lib_a-memcmp.o)
 .bss           0x00000000        0x0 /home/marco/ARMToolchain/gcc-arm-none-eabi-4_9-2015q2/bin/../lib/gcc/arm-none-eabi/4.9.3/../../../../arm-none-eabi/lib/armv6-m/libc_nano.a(lib_a-memcmp.o)
 .text          0x00000000        0x0 /home/marco/ARMToolchain/gcc-arm-none-eabi-4_9-2015q2/bin/../lib/gcc/arm-none-eabi/4.9.3/../../../../arm-none-eabi/lib/armv6-m/libc_nano.a(lib_a-memcpy.o)
 .data          0x00000000        0x0 /home/marco/ARMToolchain/gcc-arm-none-eabi-4_9-2015q2/bin/../lib/gcc/arm-none-eabi/4.9.3/../../../../arm-none-eabi/lib/armv6-m/libc_nano.a(lib_a-memcpy.o)
 .bss           0x00000000        0x0 /home/marco/ARMToolchain/gcc-arm-none-eabi-4_9-2015q2/bin/../lib/gcc/arm-none-eabi/4.9.3/../../../../arm-none-eabi/lib/armv6-m/libc_nano.a(lib_a-memcpy.o)
 .text          0x00000000        0x0 /home/marco/ARMToolchain/gcc-arm-none-eabi-4_9-2015q2/bin/../lib/gcc/arm-none-eabi/4.9.3/../../../../arm-none-eabi/lib/armv6-m/libc_nano.a(lib_a-strlen.o)
 .data          0x00000000        0x0 /home/marco/ARMToolchain/gcc-arm-none-eabi-4_9-2015q2/bin/../lib/gcc/arm-none-eabi/4.9.3/../../../../arm-none-eabi/lib/armv6-m/libc_nano.a(lib_a-strlen.o)
 .bss           0x00000000        0x0 /home/marco/ARMToolchain/gcc-arm-none-eabi-4_9-2015q2/bin/../lib/gcc/arm-none-eabi/4.9.3/../../../../arm-none-eabi/lib/armv6-m/libc_nano.a(lib_a-strlen.o)
 .text.strlen   0x00000000        0xe /home/marco/ARMToolchain/gcc-arm-none-eabi-4_9-2015q2/bin/../lib/gcc/arm-none-eabi/4.9.3/../../../../arm-none-eabi/lib/armv6-m/libc_nano.a(lib_a-strlen.o)
 .debug_frame   0x00000000       0x20 /home/marco/ARMToolchain/gcc-arm-none-eabi-4_9-2015q2/bin/../lib/gcc/arm-none-eabi/4.9.3/../../../../arm-none-eabi/lib/armv6-m/libc_nano.a(lib_a-strlen.o)
 .ARM.attributes
                0x00000000       0x2c /home/marco/ARMToolchain/gcc-arm-none-eabi-4_9-2015q2/bin/../lib/gcc/arm-none-eabi/4.9.3/../../../../arm-none-eabi/lib/armv6-m/libc_nano.a(lib_a-strlen.o)
 .text          0x00000000        0x0 /home/marco/ARMToolchain/gcc-arm-none-eabi-4_9-2015q2/bin/../lib/gcc/arm-none-eabi/4.9.3/armv6-m/crtend.o
 .data          0x00000000        0x0 /home/marco/ARMToolchain/gcc-arm-none-eabi-4_9-2015q2/bin/../lib/gcc/arm-none-eabi/4.9.3/armv6-m/crtend.o
 .bss           0x00000000        0x0 /home/marco/ARMToolchain/gcc-arm-none-eabi-4_9-2015q2/bin/../lib/gcc/arm-none-eabi/4.9.3/armv6-m/crtend.o
 .eh_frame      0x00000000        0x4 /home/marco/ARMToolchain/gcc-arm-none-eabi-4_9-2015q2/bin/../lib/gcc/arm-none-eabi/4.9.3/armv6-m/crtend.o
 .jcr           0x00000000        0x4 /home/marco/ARMToolchain/gcc-arm-none-eabi-4_9-2015q2/bin/../lib/gcc/arm-none-eabi/4.9.3/armv6-m/crtend.o
 .ARM.attributes
                0x00000000       0x2c /home/marco/ARMToolchain/gcc-arm-none-eabi-4_9-2015q2/bin/../lib/gcc/arm-none-eabi/4.9.3/armv6-m/crtend.o
 .text          0x00000000        0x0 /home/marco/ARMToolchain/gcc-arm-none-eabi-4_9-2015q2/bin/../lib/gcc/arm-none-eabi/4.9.3/armv6-m/crtn.o
 .data          0x00000000        0x0 /home/marco/ARMToolchain/gcc-arm-none-eabi-4_9-2015q2/bin/../lib/gcc/arm-none-eabi/4.9.3/armv6-m/crtn.o
 .bss           0x00000000        0x0 /home/marco/ARMToolchain/gcc-arm-none-eabi-4_9-2015q2/bin/../lib/gcc/arm-none-eabi/4.9.3/armv6-m/crtn.o

Memory Configuration

Name             Origin             Length             Attributes
FLASH            0x0001c000         0x00024000         xr
RAM              0x20002800         0x00005800         xrw
*default*        0x00000000         0xffffffff

Linker script and memory map

LOAD /home/marco/ARMToolchain/gcc-arm-none-eabi-4_9-2015q2/bin/../lib/gcc/arm-none-eabi/4.9.3/armv6-m/crti.o
LOAD /home/marco/ARMToolchain/gcc-arm-none-eabi-4_9-2015q2/bin/../lib/gcc/arm-none-eabi/4.9.3/armv6-m/crtbegin.o
LOAD /home/marco/ARMToolchain/gcc-arm-none-eabi-4_9-2015q2/bin/../lib/gcc/arm-none-eabi/4.9.3/../../../../arm-none-eabi/lib/armv6-m/crt0.o
LOAD /home/marco/ARMToolchain/gcc-arm-none-eabi-4_9-2015q2/bin/../lib/gcc/arm-none-eabi/4.9.3/../../../../arm-none-eabi/lib/armv6-m/libc_nano.a
LOAD /home/marco/ARMToolchain/gcc-arm-none-eabi-4_9-2015q2/bin/../lib/gcc/arm-none-eabi/4.9.3/../../../../arm-none-eabi/lib/armv6-m/libnosys.a
LOAD _build/main.o
LOAD _build/ble_periph.o
LOAD _build/dimmer_service.o
LOAD _build/ble_scanner.o
LOAD _build/memory.o
LOAD _build/led_strip.o
LOAD _build/app_pwm.o
LOAD _build/app_error.o
LOAD _build/app_fifo.o
LOAD _build/app_timer.o
LOAD _build/app_trace.o
LOAD _build/nrf_assert.o
LOAD _build/retarget.o
LOAD _build/nrf_drv_uart.o
LOAD _build/nrf_delay.o
LOAD _build/nrf_drv_common.o
LOAD _build/nrf_drv_gpiote.o
LOAD _build/nrf_drv_timer.o
LOAD _build/nrf_soc.o
LOAD _build/nrf_drv_ppi.o
LOAD _build/pstorage.o
LOAD _build/ble_advdata.o
LOAD _build/ble_advertising.o
LOAD _build/ble_conn_params.o
LOAD _build/ble_srv_common.o
LOAD _build/ble_nus.o
LOAD _build/system_nrf51.o
LOAD _build/softdevice_handler.o
LOAD _build/gcc_startup_nrf51.o
START GROUP
LOAD /home/marco/ARMToolchain/gcc-arm-none-eabi-4_9-2015q2/bin/../lib/gcc/arm-none-eabi/4.9.3/armv6-m/libgcc.a
LOAD /home/marco/ARMToolchain/gcc-arm-none-eabi-4_9-2015q2/bin/../lib/gcc/arm-none-eabi/4.9.3/../../../../arm-none-eabi/lib/armv6-m/libc_nano.a
END GROUP
START GROUP
LOAD /home/marco/ARMToolchain/gcc-arm-none-eabi-4_9-2015q2/bin/../lib/gcc/arm-none-eabi/4.9.3/armv6-m/libgcc.a
LOAD /home/marco/ARMToolchain/gcc-arm-none-eabi-4_9-2015q2/bin/../lib/gcc/arm-none-eabi/4.9.3/../../../../arm-none-eabi/lib/armv6-m/libc_nano.a
END GROUP
LOAD /home/marco/ARMToolchain/gcc-arm-none-eabi-4_9-2015q2/bin/../lib/gcc/arm-none-eabi/4.9.3/armv6-m/crtend.o
LOAD /home/marco/ARMToolchain/gcc-arm-none-eabi-4_9-2015q2/bin/../lib/gcc/arm-none-eabi/4.9.3/armv6-m/crtn.o
START GROUP
LOAD /home/marco/ARMToolchain/gcc-arm-none-eabi-4_9-2015q2/bin/../lib/gcc/arm-none-eabi/4.9.3/armv6-m/libgcc.a
LOAD /home/marco/ARMToolchain/gcc-arm-none-eabi-4_9-2015q2/bin/../lib/gcc/arm-none-eabi/4.9.3/../../../../arm-none-eabi/lib/armv6-m/libc.a
LOAD /home/marco/ARMToolchain/gcc-arm-none-eabi-4_9-2015q2/bin/../lib/gcc/arm-none-eabi/4.9.3/../../../../arm-none-eabi/lib/armv6-m/libnosys.a
END GROUP

.fs_data_out    0x00000000        0x0
                0x00000000                PROVIDE (__start_fs_data, .)
 *(fs_data)
                0x00000000                PROVIDE (__stop_fs_data, .)

.text           0x0001c000     0x4a8c
 *(.Vectors)
 .Vectors       0x0001c000       0xc0 _build/gcc_startup_nrf51.o
                0x0001c000                __Vectors
 *(.text*)
 .text          0x0001c0c0       0x60 /home/marco/ARMToolchain/gcc-arm-none-eabi-4_9-2015q2/bin/../lib/gcc/arm-none-eabi/4.9.3/armv6-m/crtbegin.o
 .text          0x0001c120       0x78 /home/marco/ARMToolchain/gcc-arm-none-eabi-4_9-2015q2/bin/../lib/gcc/arm-none-eabi/4.9.3/../../../../arm-none-eabi/lib/armv6-m/crt0.o
                0x0001c120                _mainCRTStartup
                0x0001c120                _start
 .text.exit     0x0001c198       0x2c /home/marco/ARMToolchain/gcc-arm-none-eabi-4_9-2015q2/bin/../lib/gcc/arm-none-eabi/4.9.3/../../../../arm-none-eabi/lib/armv6-m/libc_nano.a(lib_a-exit.o)
                0x0001c198                exit
 .text.__libc_init_array
                0x0001c1c4       0x4c /home/marco/ARMToolchain/gcc-arm-none-eabi-4_9-2015q2/bin/../lib/gcc/arm-none-eabi/4.9.3/../../../../arm-none-eabi/lib/armv6-m/libc_nano.a(lib_a-init.o)
                0x0001c1c4                __libc_init_array
 .text.memset   0x0001c210       0x10 /home/marco/ARMToolchain/gcc-arm-none-eabi-4_9-2015q2/bin/../lib/gcc/arm-none-eabi/4.9.3/../../../../arm-none-eabi/lib/armv6-m/libc_nano.a(lib_a-memset.o)
                0x0001c210                memset
 .text._exit    0x0001c220        0x4 /home/marco/ARMToolchain/gcc-arm-none-eabi-4_9-2015q2/bin/../lib/gcc/arm-none-eabi/4.9.3/../../../../arm-none-eabi/lib/armv6-m/libnosys.a(_exit.o)
                0x0001c220                _exit
 .text.assert_nrf_callback
                0x0001c224       0x14 _build/main.o
                0x0001c224                assert_nrf_callback
 .text.startup.main
                0x0001c238       0x54 _build/main.o
                0x0001c238                main
 .text.sd_ble_gap_scan_start
                0x0001c28c        0x4 _build/ble_scanner.o
 .text.sd_ble_enable
                0x0001c290        0x4 _build/ble_scanner.o
 .text.on_ble_evt
                0x0001c294       0x44 _build/ble_scanner.o
 .text.conn_init
                0x0001c2d8       0x6c _build/ble_scanner.o
                0x0001c2d8                conn_init
 .text.conn_start_scan
                0x0001c344       0x1c _build/ble_scanner.o
                0x0001c344                conn_start_scan
 .text.ps_cb_handler
                0x0001c360       0xf8 _build/memory.o
 .text.sys_evt_dispatch
                0x0001c458        0x8 _build/memory.o
 .text.memory_is_busy
                0x0001c460       0x14 _build/memory.o
                0x0001c460                memory_is_busy
 .text.memory_init
                0x0001c474       0x90 _build/memory.o
                0x0001c474                memory_init
 .text.pwm_ready_callback
                0x0001c504       0x20 _build/led_strip.o
 .text.led_light_init
                0x0001c524       0x90 _build/led_strip.o
                0x0001c524                led_light_init
 .text.led_update_light
                0x0001c5b4       0x6c _build/led_strip.o
                0x0001c5b4                led_update_light
 .text.led_manage_light
                0x0001c620      0x16c _build/led_strip.o
                0x0001c620                led_manage_light
 .text.pwm_ready_tick
                0x0001c78c       0x9c _build/app_pwm.o
                0x0001c78c                pwm_ready_tick
 .text.pwm_transition_0or100_to_n
                0x0001c828      0x168 _build/app_pwm.o
 .text.pwm_transition_n_to_0or100
                0x0001c990      0x158 _build/app_pwm.o
 .text.pwm_transition_n_to_m
                0x0001cae8      0x10c _build/app_pwm.o
 .text.app_pwm_channel_duty_ticks_set
                0x0001cbf4      0x1d0 _build/app_pwm.o
                0x0001cbf4                app_pwm_channel_duty_ticks_set
 .text.app_pwm_channel_duty_set
                0x0001cdc4      0x1c4 _build/app_pwm.o
                0x0001cdc4                app_pwm_channel_duty_set
 .text.app_pwm_init
                0x0001cf88      0x4a8 _build/app_pwm.o
                0x0001cf88                app_pwm_init
 .text.app_pwm_enable
                0x0001d430       0xcc _build/app_pwm.o
                0x0001d430                app_pwm_enable
 .text.app_error_handler
                0x0001d4fc       0x18 _build/app_error.o
                0x0001d4fc                app_error_handler
 .text.rtc1_stop
                0x0001d514       0x78 _build/app_timer.o
 .text.RTC1_IRQHandler
                0x0001d58c       0xe0 _build/app_timer.o
                0x0001d58c                RTC1_IRQHandler
 .text.SWI0_IRQHandler
                0x0001d66c      0x448 _build/app_timer.o
                0x0001d66c                SWI0_IRQHandler
 .text.app_timer_init
                0x0001dab4       0xe4 _build/app_timer.o
                0x0001dab4                app_timer_init
 .text.UART0_IRQHandler
                0x0001db98      0x16c _build/nrf_drv_uart.o
                0x0001db98                UART0_IRQHandler
 .text.nrf_delay_ms
                0x0001dd04       0x3c _build/nrf_delay.o
                0x0001dd04                nrf_delay_ms
 .text.nrf_drv_common_irq_enable
                0x0001dd40       0x80 _build/nrf_drv_common.o
                0x0001dd40                nrf_drv_common_irq_enable
 .text.nrf_drv_gpiote_init
                0x0001ddc0       0x74 _build/nrf_drv_gpiote.o
                0x0001ddc0                nrf_drv_gpiote_init
 .text.nrf_drv_gpiote_is_init
                0x0001de34       0x14 _build/nrf_drv_gpiote.o
                0x0001de34                nrf_drv_gpiote_is_init
 .text.nrf_drv_gpiote_out_init
                0x0001de48       0xdc _build/nrf_drv_gpiote.o
                0x0001de48                nrf_drv_gpiote_out_init
 .text.nrf_drv_gpiote_out_uninit
                0x0001df24       0x48 _build/nrf_drv_gpiote.o
                0x0001df24                nrf_drv_gpiote_out_uninit
 .text.nrf_drv_gpiote_out_task_enable
                0x0001df6c       0x38 _build/nrf_drv_gpiote.o
                0x0001df6c                nrf_drv_gpiote_out_task_enable
 .text.nrf_drv_gpiote_out_task_addr_get
                0x0001dfa4       0x20 _build/nrf_drv_gpiote.o
                0x0001dfa4                nrf_drv_gpiote_out_task_addr_get
 .text.nrf_drv_gpiote_out_task_force
                0x0001dfc4       0x38 _build/nrf_drv_gpiote.o
                0x0001dfc4                nrf_drv_gpiote_out_task_force
 .text.GPIOTE_IRQHandler
                0x0001dffc      0x248 _build/nrf_drv_gpiote.o
                0x0001dffc                GPIOTE_IRQHandler
 .text.nrf_drv_timer_init
                0x0001e244       0xa4 _build/nrf_drv_timer.o
                0x0001e244                nrf_drv_timer_init
 .text.nrf_drv_timer_uninit
                0x0001e2e8       0x74 _build/nrf_drv_timer.o
                0x0001e2e8                nrf_drv_timer_uninit
 .text.nrf_drv_timer_enable
                0x0001e35c       0x14 _build/nrf_drv_timer.o
                0x0001e35c                nrf_drv_timer_enable
 .text.nrf_drv_timer_clear
                0x0001e370        0x8 _build/nrf_drv_timer.o
                0x0001e370                nrf_drv_timer_clear
 .text.nrf_drv_timer_capture_task_address_get
                0x0001e378        0xc _build/nrf_drv_timer.o
                0x0001e378                nrf_drv_timer_capture_task_address_get
 .text.nrf_drv_timer_compare_event_address_get
                0x0001e384        0xc _build/nrf_drv_timer.o
                0x0001e384                nrf_drv_timer_compare_event_address_get
 .text.nrf_drv_timer_capture_get
                0x0001e390        0xc _build/nrf_drv_timer.o
                0x0001e390                nrf_drv_timer_capture_get
 .text.nrf_drv_timer_compare
                0x0001e39c       0x2c _build/nrf_drv_timer.o
                0x0001e39c                nrf_drv_timer_compare
 .text.nrf_drv_timer_extended_compare
                0x0001e3c8       0x4c _build/nrf_drv_timer.o
                0x0001e3c8                nrf_drv_timer_extended_compare
 .text.nrf_drv_timer_us_to_ticks
                0x0001e414       0x1c _build/nrf_drv_timer.o
                0x0001e414                nrf_drv_timer_us_to_ticks
 .text.nrf_drv_timer_compare_int_enable
                0x0001e430       0x24 _build/nrf_drv_timer.o
                0x0001e430                nrf_drv_timer_compare_int_enable
 .text.nrf_drv_timer_compare_int_disable
                0x0001e454       0x14 _build/nrf_drv_timer.o
                0x0001e454                nrf_drv_timer_compare_int_disable
 .text.TIMER0_IRQHandler
                0x0001e468       0xc0 _build/nrf_drv_timer.o
                0x0001e468                TIMER0_IRQHandler
 .text.TIMER1_IRQHandler
                0x0001e528       0xc0 _build/nrf_drv_timer.o
                0x0001e528                TIMER1_IRQHandler
 .text.TIMER2_IRQHandler
                0x0001e5e8       0xc0 _build/nrf_drv_timer.o
                0x0001e5e8                TIMER2_IRQHandler
 .text.sd_nvic_critical_region_enter
                0x0001e6a8        0x4 _build/nrf_drv_ppi.o
 .text.sd_nvic_critical_region_exit
                0x0001e6ac        0x4 _build/nrf_drv_ppi.o
 .text.nrf_drv_ppi_init
                0x0001e6b0       0x18 _build/nrf_drv_ppi.o
                0x0001e6b0                nrf_drv_ppi_init
 .text.nrf_drv_ppi_channel_alloc
                0x0001e6c8      0x13c _build/nrf_drv_ppi.o
                0x0001e6c8                nrf_drv_ppi_channel_alloc
 .text.nrf_drv_ppi_channel_free
                0x0001e804       0xd8 _build/nrf_drv_ppi.o
                0x0001e804                nrf_drv_ppi_channel_free
 .text.nrf_drv_ppi_channel_assign
                0x0001e8dc       0x48 _build/nrf_drv_ppi.o
                0x0001e8dc                nrf_drv_ppi_channel_assign
 .text.nrf_drv_ppi_channel_enable
                0x0001e924       0x34 _build/nrf_drv_ppi.o
                0x0001e924                nrf_drv_ppi_channel_enable
 .text.nrf_drv_ppi_channel_disable
                0x0001e958       0x30 _build/nrf_drv_ppi.o
                0x0001e958                nrf_drv_ppi_channel_disable
 .text.nrf_drv_ppi_group_alloc
                0x0001e988      0x138 _build/nrf_drv_ppi.o
                0x0001e988                nrf_drv_ppi_group_alloc
 .text.nrf_drv_ppi_group_free
                0x0001eac0       0xe4 _build/nrf_drv_ppi.o
                0x0001eac0                nrf_drv_ppi_group_free
 .text.nrf_drv_ppi_group_enable
                0x0001eba4       0x30 _build/nrf_drv_ppi.o
                0x0001eba4                nrf_drv_ppi_group_enable
 .text.nrf_drv_ppi_channels_remove_from_group
                0x0001ebd4       0xf8 _build/nrf_drv_ppi.o
                0x0001ebd4                nrf_drv_ppi_channels_remove_from_group
 .text.nrf_drv_ppi_channels_include_in_group
                0x0001eccc       0xf8 _build/nrf_drv_ppi.o
                0x0001eccc                nrf_drv_ppi_channels_include_in_group
 .text.sd_flash_write
                0x0001edc4        0x4 _build/pstorage.o
 .text.sd_flash_page_erase
                0x0001edc8        0x4 _build/pstorage.o
 .text.flash_api_err_code_process
                0x0001edcc       0x60 _build/pstorage.o
 .text.state_entry_action_run
                0x0001ee2c      0x1b4 _build/pstorage.o
 .text.clear_operation_execute
                0x0001efe0      0x194 _build/pstorage.o
 .text.unlikely.cmd_queue_enqueue
                0x0001f174       0x8c _build/pstorage.o
 .text.tail_restore_state_run
                0x0001f200       0xb4 _build/pstorage.o
 .text.state_write_data_swap_entry_run
                0x0001f2b4       0xb0 _build/pstorage.o
 .text.state_restore_head_entry_run
                0x0001f364       0xb0 _build/pstorage.o
 .text.data_to_swap_write_state_run
                0x0001f414       0xa0 _build/pstorage.o
 .text.state_restore_tail_entry_run
                0x0001f4b4       0xc0 _build/pstorage.o
 .text.state_erase_data_page_entry_run
                0x0001f574       0x70 _build/pstorage.o
 .text.swap_erase_state_run
                0x0001f5e4       0xd4 _build/pstorage.o
 .text.state_swap_erase_entry_run
                0x0001f6b8       0xa4 _build/pstorage.o
 .text.store_cmd_flash_write_execute
                0x0001f75c      0x120 _build/pstorage.o
 .text.head_restore_state_run
                0x0001f87c      0x21c _build/pstorage.o
 .text.data_page_erase_state_run
                0x0001fa98      0x26c _build/pstorage.o
 .text.command_end_procedure_run
                0x0001fd04       0xb8 _build/pstorage.o
 .text.pstorage_sys_event_handler
                0x0001fdbc      0x1cc _build/pstorage.o
                0x0001fdbc                pstorage_sys_event_handler
 .text.pstorage_init
                0x0001ff88      0x14c _build/pstorage.o
                0x0001ff88                pstorage_init
 .text.pstorage_register
                0x000200d4       0xf0 _build/pstorage.o
                0x000200d4                pstorage_register
 .text.pstorage_block_identifier_get
                0x000201c4       0x50 _build/pstorage.o
                0x000201c4                pstorage_block_identifier_get
 .text.pstorage_store
                0x00020214       0x88 _build/pstorage.o
                0x00020214                pstorage_store
 .text.pstorage_load
                0x0002029c       0xa8 _build/pstorage.o
                0x0002029c                pstorage_load
 .text.pstorage_clear
                0x00020344       0x94 _build/pstorage.o
                0x00020344                pstorage_clear
 .text.SystemInit
                0x000203d8       0x9c _build/system_nrf51.o
                0x000203d8                SystemInit
 .text.sd_nvic_EnableIRQ
                0x00020474        0x4 _build/softdevice_handler.o
 .text.sd_evt_get
                0x00020478        0x4 _build/softdevice_handler.o
 .text.sd_softdevice_enable
                0x0002047c        0x4 _build/softdevice_handler.o
 .text.sd_ble_evt_get
                0x00020480        0x4 _build/softdevice_handler.o
 .text.softdevice_assertion_handler
                0x00020484        0xc _build/softdevice_handler.o
                0x00020484                softdevice_assertion_handler
 .text.intern_softdevice_events_execute.part.0
                0x00020490       0xe0 _build/softdevice_handler.o
 .text.softdevice_handler_init
                0x00020570       0x4c _build/softdevice_handler.o
                0x00020570                softdevice_handler_init
 .text.softdevice_ble_evt_handler_set
                0x000205bc       0x14 _build/softdevice_handler.o
                0x000205bc                softdevice_ble_evt_handler_set
 .text.softdevice_sys_evt_handler_set
                0x000205d0       0x14 _build/softdevice_handler.o
                0x000205d0                softdevice_sys_evt_handler_set
 .text.SWI2_IRQHandler
                0x000205e4       0x34 _build/softdevice_handler.o
                0x000205e4                SWI2_IRQHandler
 .text          0x00020618       0x54 _build/gcc_startup_nrf51.o
                0x00020618                Reset_Handler
                0x00020660                NMI_Handler
                0x00020662                HardFault_Handler
                0x00020664                SVC_Handler
                0x00020666                PendSV_Handler
                0x00020668                SysTick_Handler
                0x0002066a                SPI0_TWI0_IRQHandler
                0x0002066a                RTC0_IRQHandler
                0x0002066a                POWER_CLOCK_IRQHandler
                0x0002066a                RADIO_IRQHandler
                0x0002066a                LPCOMP_IRQHandler
                0x0002066a                SWI4_IRQHandler
                0x0002066a                TEMP_IRQHandler
                0x0002066a                QDEC_IRQHandler
                0x0002066a                SWI5_IRQHandler
                0x0002066a                ECB_IRQHandler
                0x0002066a                Default_Handler
                0x0002066a                ADC_IRQHandler
                0x0002066a                SWI3_IRQHandler
                0x0002066a                CCM_AAR_IRQHandler
                0x0002066a                WDT_IRQHandler
                0x0002066a                RNG_IRQHandler
                0x0002066a                SPI1_TWI1_IRQHandler
                0x0002066a                SWI1_IRQHandler
 .text          0x0002066c      0x120 /home/marco/ARMToolchain/gcc-arm-none-eabi-4_9-2015q2/bin/../lib/gcc/arm-none-eabi/4.9.3/armv6-m/libgcc.a(_udivsi3.o)
                0x0002066c                __udivsi3
                0x0002066c                __aeabi_uidiv
                0x00020778                __aeabi_uidivmod
 .text          0x0002078c      0x1e0 /home/marco/ARMToolchain/gcc-arm-none-eabi-4_9-2015q2/bin/../lib/gcc/arm-none-eabi/4.9.3/armv6-m/libgcc.a(_divsi3.o)
                0x0002078c                __aeabi_idiv
                0x0002078c                __divsi3
                0x00020958                __aeabi_idivmod
 .text          0x0002096c        0x4 /home/marco/ARMToolchain/gcc-arm-none-eabi-4_9-2015q2/bin/../lib/gcc/arm-none-eabi/4.9.3/armv6-m/libgcc.a(_dvmd_tls.o)
                0x0002096c                __aeabi_ldiv0
                0x0002096c                __aeabi_idiv0
 .text.memcmp   0x00020970       0x1e /home/marco/ARMToolchain/gcc-arm-none-eabi-4_9-2015q2/bin/../lib/gcc/arm-none-eabi/4.9.3/../../../../arm-none-eabi/lib/armv6-m/libc_nano.a(lib_a-memcmp.o)
                0x00020970                memcmp
 .text.memcpy   0x0002098e       0x12 /home/marco/ARMToolchain/gcc-arm-none-eabi-4_9-2015q2/bin/../lib/gcc/arm-none-eabi/4.9.3/../../../../arm-none-eabi/lib/armv6-m/libc_nano.a(lib_a-memcpy.o)
                0x0002098e                memcpy
 *(.init)
 .init          0x000209a0        0x4 /home/marco/ARMToolchain/gcc-arm-none-eabi-4_9-2015q2/bin/../lib/gcc/arm-none-eabi/4.9.3/armv6-m/crti.o
                0x000209a0                _init
 .init          0x000209a4        0x8 /home/marco/ARMToolchain/gcc-arm-none-eabi-4_9-2015q2/bin/../lib/gcc/arm-none-eabi/4.9.3/armv6-m/crtn.o
 *(.fini)
 .fini          0x000209ac        0x4 /home/marco/ARMToolchain/gcc-arm-none-eabi-4_9-2015q2/bin/../lib/gcc/arm-none-eabi/4.9.3/armv6-m/crti.o
                0x000209ac                _fini
 .fini          0x000209b0        0x8 /home/marco/ARMToolchain/gcc-arm-none-eabi-4_9-2015q2/bin/../lib/gcc/arm-none-eabi/4.9.3/armv6-m/crtn.o
 *crtbegin.o(.ctors)
 *crtbegin?.o(.ctors)
 *(EXCLUDE_FILE(*crtend.o *crtend?.o) .ctors)
 *(SORT(.ctors.*))
 *(.ctors)
 *crtbegin.o(.dtors)
 *crtbegin?.o(.dtors)
 *(EXCLUDE_FILE(*crtend.o *crtend?.o) .dtors)
 *(SORT(.dtors.*))
 *(.dtors)
 *(.rodata*)
 .rodata.str1.1
                0x000209b8        0x2 /home/marco/ARMToolchain/gcc-arm-none-eabi-4_9-2015q2/bin/../lib/gcc/arm-none-eabi/4.9.3/../../../../arm-none-eabi/lib/armv6-m/libc_nano.a(lib_a-impure.o)
 *fill*         0x000209ba        0x2 
 .rodata._global_impure_ptr
                0x000209bc        0x4 /home/marco/ARMToolchain/gcc-arm-none-eabi-4_9-2015q2/bin/../lib/gcc/arm-none-eabi/4.9.3/../../../../arm-none-eabi/lib/armv6-m/libc_nano.a(lib_a-impure.o)
                0x000209bc                _global_impure_ptr
 .rodata.default_values
                0x000209c0       0x23 _build/main.o
                0x000209c0                default_values
 *fill*         0x000209e3        0x1 
 .rodata.preamble_adv
                0x000209e4        0xc _build/ble_scanner.o
 .rodata.m_scan_params
                0x000209f0       0x10 _build/ble_scanner.o
 .rodata.signature_field
                0x00020a00        0x4 _build/memory.o
 .rodata        0x00020a04       0x28 _build/led_strip.o
 .rodata.m_pwm_PWM1_timer
                0x00020a2c        0x8 _build/led_strip.o
                0x00020a2c                m_pwm_PWM1_timer
 .rodata.m_pwm_PWM2_timer
                0x00020a34        0x8 _build/led_strip.o
                0x00020a34                m_pwm_PWM2_timer
 .rodata.PWM1   0x00020a3c        0x8 _build/led_strip.o
                0x00020a3c                PWM1
 .rodata.PWM2   0x00020a44        0x8 _build/led_strip.o
                0x00020a44                PWM2
 .rodata.m_default_config
                0x00020a4c       0x18 _build/nrf_drv_timer.o
 .rodata.swap_sub_state_sm_lut.5962
                0x00020a64       0x14 _build/pstorage.o
 .rodata.swap_sub_state_sm_lut.5887
                0x00020a78       0x14 _build/pstorage.o
 *(.eh_frame*)
 .eh_frame      0x00020a8c        0x0 /home/marco/ARMToolchain/gcc-arm-none-eabi-4_9-2015q2/bin/../lib/gcc/arm-none-eabi/4.9.3/armv6-m/crtbegin.o
                0x00020a8c                . = ALIGN (0x4)

.glue_7         0x00020a8c        0x0
 .glue_7        0x00000000        0x0 linker stubs

.glue_7t        0x00020a8c        0x0
 .glue_7t       0x00000000        0x0 linker stubs

.vfp11_veneer   0x00020a8c        0x0
 .vfp11_veneer  0x00000000        0x0 linker stubs

.v4_bx          0x00020a8c        0x0
 .v4_bx         0x00000000        0x0 linker stubs

.iplt           0x00020a8c        0x0
 .iplt          0x00000000        0x0 /home/marco/ARMToolchain/gcc-arm-none-eabi-4_9-2015q2/bin/../lib/gcc/arm-none-eabi/4.9.3/armv6-m/crtbegin.o

.ARM.extab      0x00020a8c        0x0
 *(.ARM.extab* .gnu.linkonce.armextab.*)
                0x00020a8c                . = ALIGN (0x4)
                0x00020a8c                __exidx_start = .

.ARM.exidx      0x00020a8c        0x8
 *(.ARM.exidx* .gnu.linkonce.armexidx.*)
 .ARM.exidx     0x00020a8c        0x8 /home/marco/ARMToolchain/gcc-arm-none-eabi-4_9-2015q2/bin/../lib/gcc/arm-none-eabi/4.9.3/../../../../arm-none-eabi/lib/armv6-m/crt0.o
 .ARM.exidx     0x00020a94        0x0 _build/gcc_startup_nrf51.o
                                  0x8 (size before relaxing)
                0x00020a94                . = ALIGN (0x4)
                0x00020a94                __exidx_end = .
                0x00020a94                __etext = .

.rel.dyn        0x00020a94        0x0
 .rel.iplt      0x00000000        0x0 /home/marco/ARMToolchain/gcc-arm-none-eabi-4_9-2015q2/bin/../lib/gcc/arm-none-eabi/4.9.3/armv6-m/crtbegin.o

.data           0x20002800       0x6c load address 0x00020a94
                0x20002800                __data_start__ = .
 *(vtable)
 *(.data*)
 .data.impure_data
                0x20002800       0x60 /home/marco/ARMToolchain/gcc-arm-none-eabi-4_9-2015q2/bin/../lib/gcc/arm-none-eabi/4.9.3/../../../../arm-none-eabi/lib/armv6-m/libc_nano.a(lib_a-impure.o)
 .data.last_data_byte
                0x20002860        0x1 _build/ble_scanner.o
 .data.curr_state
                0x20002861        0x1 _build/memory.o
                0x20002864                . = ALIGN (0x4)
 *fill*         0x20002862        0x2 
                0x20002864                PROVIDE (__preinit_array_start, .)
 *(.preinit_array)
                0x20002864                PROVIDE (__preinit_array_end, .)
                0x20002864                . = ALIGN (0x4)
                0x20002864                PROVIDE (__init_array_start, .)
 *(SORT(.init_array.*))
 *(.init_array)
 .init_array    0x20002864        0x4 /home/marco/ARMToolchain/gcc-arm-none-eabi-4_9-2015q2/bin/../lib/gcc/arm-none-eabi/4.9.3/armv6-m/crtbegin.o
                0x20002868                PROVIDE (__init_array_end, .)
                0x20002868                . = ALIGN (0x4)
                0x20002868                PROVIDE (__fini_array_start, .)
 *(SORT(.fini_array.*))
 *(.fini_array)
 .fini_array    0x20002868        0x4 /home/marco/ARMToolchain/gcc-arm-none-eabi-4_9-2015q2/bin/../lib/gcc/arm-none-eabi/4.9.3/armv6-m/crtbegin.o
                0x2000286c                PROVIDE (__fini_array_end, .)
 *(.jcr)
 .jcr           0x2000286c        0x0 /home/marco/ARMToolchain/gcc-arm-none-eabi-4_9-2015q2/bin/../lib/gcc/arm-none-eabi/4.9.3/armv6-m/crtbegin.o
                0x2000286c                . = ALIGN (0x4)
                0x2000286c                __data_end__ = .

.igot.plt       0x2000286c        0x0 load address 0x00020b00
 .igot.plt      0x00000000        0x0 /home/marco/ARMToolchain/gcc-arm-none-eabi-4_9-2015q2/bin/../lib/gcc/arm-none-eabi/4.9.3/armv6-m/crtbegin.o

.bss            0x2000286c      0x4cc load address 0x00020b00
                0x2000286c                . = ALIGN (0x4)
                0x2000286c                __bss_start__ = .
 *(.bss*)
 .bss           0x2000286c       0x1c /home/marco/ARMToolchain/gcc-arm-none-eabi-4_9-2015q2/bin/../lib/gcc/arm-none-eabi/4.9.3/armv6-m/crtbegin.o
 .bss.APP_TIMER_BUF.7872
                0x20002888      0x1c8 _build/main.o
 .bss.BLE_EVT_BUFFER.8021
                0x20002a50       0x48 _build/ble_scanner.o
 .bss.temp_data
                0x20002a98       0x28 _build/memory.o
 .bss.block_handle
                0x20002ac0        0x8 _build/memory.o
 .bss.base_handle
                0x20002ac8        0x8 _build/memory.o
 .bss.p_def_values
                0x20002ad0        0x4 _build/memory.o
 .bss.ps_signature
                0x20002ad4        0x4 _build/memory.o
 .bss.red_pwm_step
                0x20002ad8        0x1 _build/led_strip.o
 .bss.white_pwm_step
                0x20002ad9        0x1 _build/led_strip.o
 .bss.green_pwm_value
                0x20002ada        0x1 _build/led_strip.o
 .bss.red_pwm_value
                0x20002adb        0x1 _build/led_strip.o
 .bss.green_pwm_step
                0x20002adc        0x1 _build/led_strip.o
 .bss.pwm2_ready_flag
                0x20002add        0x1 _build/led_strip.o
 .bss.blue_pwm_step
                0x20002ade        0x1 _build/led_strip.o
 .bss.blue_pwm_value
                0x20002adf        0x1 _build/led_strip.o
 .bss.white_pwm_value
                0x20002ae0        0x1 _build/led_strip.o
 .bss.fade_count
                0x20002ae1        0x1 _build/led_strip.o
 .bss.pwm1_ready_flag
                0x20002ae2        0x1 _build/led_strip.o
 *fill*         0x20002ae3        0x1 
 .bss.m_instances
                0x20002ae4        0xc _build/app_pwm.o
 .bss.m_pwm_busy
                0x20002af0        0x3 _build/app_pwm.o
 *fill*         0x20002af3        0x1 
 .bss.m_pwm_target_value
                0x20002af4        0xc _build/app_pwm.o
 .bss.m_ticks_latest
                0x20002b00        0x4 _build/app_timer.o
 .bss.mp_timer_id_head
                0x20002b04        0x4 _build/app_timer.o
 .bss.m_evt_schedule_func
                0x20002b08        0x4 _build/app_timer.o
 .bss.m_user_array_size
                0x20002b0c        0x1 _build/app_timer.o
 *fill*         0x20002b0d        0x3 
 .bss.mp_users  0x20002b10        0x4 _build/app_timer.o
 .bss.m_ticks_elapsed_q_read_ind
                0x20002b14        0x1 _build/app_timer.o
 .bss.m_ticks_elapsed_q_write_ind
                0x20002b15        0x1 _build/app_timer.o
 .bss.m_rtc1_reset
                0x20002b16        0x1 _build/app_timer.o
 *fill*         0x20002b17        0x1 
 .bss.m_ticks_elapsed
                0x20002b18        0x8 _build/app_timer.o
 .bss.m_rtc1_running
                0x20002b20        0x1 _build/app_timer.o
 *fill*         0x20002b21        0x3 
 .bss.m_cb      0x20002b24       0x18 _build/nrf_drv_uart.o
 .bss.m_cb      0x20002b3c       0x50 _build/nrf_drv_gpiote.o
 .bss.m_timer_event_handlers
                0x20002b8c        0xc _build/nrf_drv_timer.o
 .bss.mp_contexts
                0x20002b98        0xc _build/nrf_drv_timer.o
 .bss.m_cb      0x20002ba4        0x3 _build/nrf_drv_timer.o
 .bss.m_drv_state
                0x20002ba7        0x1 _build/nrf_drv_ppi.o
 .bss.m_groups_allocated
                0x20002ba8        0x1 _build/nrf_drv_ppi.o
 *fill*         0x20002ba9        0x3 
 .bss.m_channels_allocated
                0x20002bac        0x4 _build/nrf_drv_ppi.o
 .bss.m_cmd_queue
                0x20002bb0       0xcc _build/pstorage.o
 .bss.m_num_of_bytes_written
                0x20002c7c        0x4 _build/pstorage.o
 .bss.m_tail_word_size
                0x20002c80        0x4 _build/pstorage.o
 .bss.m_app_table
                0x20002c84        0xc _build/pstorage.o
 .bss.m_next_app_instance
                0x20002c90        0x2 _build/pstorage.o
 *fill*         0x20002c92        0x2 
 .bss.m_next_page_addr
                0x20002c94        0x4 _build/pstorage.o
 .bss.m_flags   0x20002c98        0x4 _build/pstorage.o
 .bss.m_swap_sub_state
                0x20002c9c        0x1 _build/pstorage.o
 .bss.m_state   0x20002c9d        0x1 _build/pstorage.o
 *fill*         0x20002c9e        0x2 
 .bss.m_app_data_size
                0x20002ca0        0x4 _build/pstorage.o
 .bss.m_num_of_command_retries
                0x20002ca4        0x4 _build/pstorage.o
 .bss.m_head_word_size
                0x20002ca8        0x4 _build/pstorage.o
 .bss.m_current_page_id
                0x20002cac        0x4 _build/pstorage.o
 .bss.m_softdevice_enabled
                0x20002cb0        0x1 _build/softdevice_handler.o
 *fill*         0x20002cb1        0x1 
 .bss.m_ble_evt_buffer_size
                0x20002cb2        0x2 _build/softdevice_handler.o
 .bss.mp_ble_evt_buffer
                0x20002cb4        0x4 _build/softdevice_handler.o
 .bss.m_sys_evt_handler
                0x20002cb8        0x4 _build/softdevice_handler.o
 .bss.m_ble_evt_handler
                0x20002cbc        0x4 _build/softdevice_handler.o
 .bss.m_evt_schedule_func
                0x20002cc0        0x4 _build/softdevice_handler.o
 *(COMMON)
 COMMON         0x20002cc4       0x23 _build/dimmer_service.o
                0x20002cc4                char_values
 *fill*         0x20002ce7        0x1 
 COMMON         0x20002ce8       0x48 _build/led_strip.o
                0x20002ce8                m_pwm_PWM1_cb
                0x20002d0c                m_pwm_PWM2_cb
 COMMON         0x20002d30        0x6 _build/app_pwm.o
                0x20002d30                m_pwm_ready_counter
                0x20002d38                . = ALIGN (0x4)
 *fill*         0x20002d36        0x2 
                0x20002d38                __bss_end__ = .

.heap           0x20002d38      0x800
                0x20002d38                __end__ = .
                0x20002d38                end = __end__
 *(.heap*)
 .heap          0x20002d38      0x800 _build/gcc_startup_nrf51.o
                0x20002d38                __HeapBase
                0x20003538                __HeapLimit = .

.stack_dummy    0x20002d38      0x800
 *(.stack*)
 .stack         0x20002d38      0x800 _build/gcc_startup_nrf51.o
                0x20008000                __StackTop = (ORIGIN (RAM) + 0x5800)
                0x20007800                __StackLimit = (__StackTop - SIZEOF (.stack_dummy))
                0x20008000                PROVIDE (__stack, __StackTop)
                0x00000001                ASSERT ((__StackLimit >= __HeapLimit), region RAM overflowed with stack)
OUTPUT(_build/ble_led_dimmer_s130_pca10028.out elf32-littlearm)

.ARM.attributes
                0x00000000       0x28
 .ARM.attributes
                0x00000000       0x1e /home/marco/ARMToolchain/gcc-arm-none-eabi-4_9-2015q2/bin/../lib/gcc/arm-none-eabi/4.9.3/armv6-m/crti.o
 .ARM.attributes
                0x0000001e       0x2c /home/marco/ARMToolchain/gcc-arm-none-eabi-4_9-2015q2/bin/../lib/gcc/arm-none-eabi/4.9.3/armv6-m/crtbegin.o
 .ARM.attributes
                0x0000004a       0x1b /home/marco/ARMToolchain/gcc-arm-none-eabi-4_9-2015q2/bin/../lib/gcc/arm-none-eabi/4.9.3/../../../../arm-none-eabi/lib/armv6-m/crt0.o
 .ARM.attributes
                0x00000065       0x2c /home/marco/ARMToolchain/gcc-arm-none-eabi-4_9-2015q2/bin/../lib/gcc/arm-none-eabi/4.9.3/../../../../arm-none-eabi/lib/armv6-m/libc_nano.a(lib_a-exit.o)
 .ARM.attributes
                0x00000091       0x2c /home/marco/ARMToolchain/gcc-arm-none-eabi-4_9-2015q2/bin/../lib/gcc/arm-none-eabi/4.9.3/../../../../arm-none-eabi/lib/armv6-m/libc_nano.a(lib_a-impure.o)
 .ARM.attributes
                0x000000bd       0x2c /home/marco/ARMToolchain/gcc-arm-none-eabi-4_9-2015q2/bin/../lib/gcc/arm-none-eabi/4.9.3/../../../../arm-none-eabi/lib/armv6-m/libc_nano.a(lib_a-init.o)
 .ARM.attributes
                0x000000e9       0x2c /home/marco/ARMToolchain/gcc-arm-none-eabi-4_9-2015q2/bin/../lib/gcc/arm-none-eabi/4.9.3/../../../../arm-none-eabi/lib/armv6-m/libc_nano.a(lib_a-memset.o)
 .ARM.attributes
                0x00000115       0x2c /home/marco/ARMToolchain/gcc-arm-none-eabi-4_9-2015q2/bin/../lib/gcc/arm-none-eabi/4.9.3/../../../../arm-none-eabi/lib/armv6-m/libnosys.a(_exit.o)
 .ARM.attributes
                0x00000141       0x31 _build/main.o
 .ARM.attributes
                0x00000172       0x31 _build/dimmer_service.o
 .ARM.attributes
                0x000001a3       0x31 _build/ble_scanner.o
 .ARM.attributes
                0x000001d4       0x31 _build/memory.o
 .ARM.attributes
                0x00000205       0x31 _build/led_strip.o
 .ARM.attributes
                0x00000236       0x31 _build/app_pwm.o
 .ARM.attributes
                0x00000267       0x31 _build/app_error.o
 .ARM.attributes
                0x00000298       0x31 _build/app_timer.o
 .ARM.attributes
                0x000002c9       0x31 _build/nrf_drv_uart.o
 .ARM.attributes
                0x000002fa       0x31 _build/nrf_delay.o
 .ARM.attributes
                0x0000032b       0x31 _build/nrf_drv_common.o
 .ARM.attributes
                0x0000035c       0x31 _build/nrf_drv_gpiote.o
 .ARM.attributes
                0x0000038d       0x31 _build/nrf_drv_timer.o
 .ARM.attributes
                0x000003be       0x31 _build/nrf_drv_ppi.o
 .ARM.attributes
                0x000003ef       0x31 _build/pstorage.o
 .ARM.attributes
                0x00000420       0x31 _build/system_nrf51.o
 .ARM.attributes
                0x00000451       0x31 _build/softdevice_handler.o
 .ARM.attributes
                0x00000482       0x1b _build/gcc_startup_nrf51.o
 .ARM.attributes
                0x0000049d       0x1e /home/marco/ARMToolchain/gcc-arm-none-eabi-4_9-2015q2/bin/../lib/gcc/arm-none-eabi/4.9.3/armv6-m/libgcc.a(_udivsi3.o)
 .ARM.attributes
                0x000004bb       0x1e /home/marco/ARMToolchain/gcc-arm-none-eabi-4_9-2015q2/bin/../lib/gcc/arm-none-eabi/4.9.3/armv6-m/libgcc.a(_divsi3.o)
 .ARM.attributes
                0x000004d9       0x1e /home/marco/ARMToolchain/gcc-arm-none-eabi-4_9-2015q2/bin/../lib/gcc/arm-none-eabi/4.9.3/armv6-m/libgcc.a(_dvmd_tls.o)
 .ARM.attributes
                0x000004f7       0x2c /home/marco/ARMToolchain/gcc-arm-none-eabi-4_9-2015q2/bin/../lib/gcc/arm-none-eabi/4.9.3/../../../../arm-none-eabi/lib/armv6-m/libc_nano.a(lib_a-memcmp.o)
 .ARM.attributes
                0x00000523       0x2c /home/marco/ARMToolchain/gcc-arm-none-eabi-4_9-2015q2/bin/../lib/gcc/arm-none-eabi/4.9.3/../../../../arm-none-eabi/lib/armv6-m/libc_nano.a(lib_a-memcpy.o)
 .ARM.attributes
                0x0000054f       0x1e /home/marco/ARMToolchain/gcc-arm-none-eabi-4_9-2015q2/bin/../lib/gcc/arm-none-eabi/4.9.3/armv6-m/crtn.o

.comment        0x00000000       0x70
 .comment       0x00000000       0x70 _build/main.o
                                 0x71 (size before relaxing)
 .comment       0x00000000       0x71 _build/dimmer_service.o
 .comment       0x00000000       0x71 _build/ble_scanner.o
 .comment       0x00000000       0x71 _build/memory.o
 .comment       0x00000000       0x71 _build/led_strip.o
 .comment       0x00000000       0x71 _build/app_pwm.o
 .comment       0x00000000       0x71 _build/app_error.o
 .comment       0x00000000       0x71 _build/app_timer.o
 .comment       0x00000000       0x71 _build/nrf_drv_uart.o
 .comment       0x00000000       0x71 _build/nrf_delay.o
 .comment       0x00000000       0x71 _build/nrf_drv_common.o
 .comment       0x00000000       0x71 _build/nrf_drv_gpiote.o
 .comment       0x00000000       0x71 _build/nrf_drv_timer.o
 .comment       0x00000000       0x71 _build/nrf_drv_ppi.o
 .comment       0x00000000       0x71 _build/pstorage.o
 .comment       0x00000000       0x71 _build/system_nrf51.o
 .comment       0x00000000       0x71 _build/softdevice_handler.o

.debug_frame    0x00000000      0x128
 .debug_frame   0x00000000       0x28 /home/marco/ARMToolchain/gcc-arm-none-eabi-4_9-2015q2/bin/../lib/gcc/arm-none-eabi/4.9.3/../../../../arm-none-eabi/lib/armv6-m/libc_nano.a(lib_a-exit.o)
 .debug_frame   0x00000028       0x2c /home/marco/ARMToolchain/gcc-arm-none-eabi-4_9-2015q2/bin/../lib/gcc/arm-none-eabi/4.9.3/../../../../arm-none-eabi/lib/armv6-m/libc_nano.a(lib_a-init.o)
 .debug_frame   0x00000054       0x20 /home/marco/ARMToolchain/gcc-arm-none-eabi-4_9-2015q2/bin/../lib/gcc/arm-none-eabi/4.9.3/../../../../arm-none-eabi/lib/armv6-m/libc_nano.a(lib_a-memset.o)
 .debug_frame   0x00000074       0x20 /home/marco/ARMToolchain/gcc-arm-none-eabi-4_9-2015q2/bin/../lib/gcc/arm-none-eabi/4.9.3/../../../../arm-none-eabi/lib/armv6-m/libnosys.a(_exit.o)
 .debug_frame   0x00000094       0x20 /home/marco/ARMToolchain/gcc-arm-none-eabi-4_9-2015q2/bin/../lib/gcc/arm-none-eabi/4.9.3/armv6-m/libgcc.a(_udivsi3.o)
 .debug_frame   0x000000b4       0x20 /home/marco/ARMToolchain/gcc-arm-none-eabi-4_9-2015q2/bin/../lib/gcc/arm-none-eabi/4.9.3/armv6-m/libgcc.a(_divsi3.o)
 .debug_frame   0x000000d4       0x2c /home/marco/ARMToolchain/gcc-arm-none-eabi-4_9-2015q2/bin/../lib/gcc/arm-none-eabi/4.9.3/../../../../arm-none-eabi/lib/armv6-m/libc_nano.a(lib_a-memcmp.o)
 .debug_frame   0x00000100       0x28 /home/marco/ARMToolchain/gcc-arm-none-eabi-4_9-2015q2/bin/../lib/gcc/arm-none-eabi/4.9.3/../../../../arm-none-eabi/lib/armv6-m/libc_nano.a(lib_a-memcpy.o)
