Archive member included because of file (symbol)

/home/marco/ARMToolchain/gcc-arm-none-eabi-4_9-2015q2/bin/../lib/gcc/arm-none-eabi/4.9.3/../../../../arm-none-eabi/lib/armv6-m/libc_nano.a(lib_a-exit.o)
                              /home/marco/ARMToolchain/gcc-arm-none-eabi-4_9-2015q2/bin/../lib/gcc/arm-none-eabi/4.9.3/../../../../arm-none-eabi/lib/armv6-m/crt0.o (exit)
/home/marco/ARMToolchain/gcc-arm-none-eabi-4_9-2015q2/bin/../lib/gcc/arm-none-eabi/4.9.3/../../../../arm-none-eabi/lib/armv6-m/libc_nano.a(lib_a-impure.o)
                              /home/marco/ARMToolchain/gcc-arm-none-eabi-4_9-2015q2/bin/../lib/gcc/arm-none-eabi/4.9.3/../../../../arm-none-eabi/lib/armv6-m/libc_nano.a(lib_a-exit.o) (_global_impure_ptr)
/home/marco/ARMToolchain/gcc-arm-none-eabi-4_9-2015q2/bin/../lib/gcc/arm-none-eabi/4.9.3/../../../../arm-none-eabi/lib/armv6-m/libc_nano.a(lib_a-init.o)
                              /home/marco/ARMToolchain/gcc-arm-none-eabi-4_9-2015q2/bin/../lib/gcc/arm-none-eabi/4.9.3/../../../../arm-none-eabi/lib/armv6-m/crt0.o (__libc_init_array)
/home/marco/ARMToolchain/gcc-arm-none-eabi-4_9-2015q2/bin/../lib/gcc/arm-none-eabi/4.9.3/../../../../arm-none-eabi/lib/armv6-m/libc_nano.a(lib_a-memset.o)
                              /home/marco/ARMToolchain/gcc-arm-none-eabi-4_9-2015q2/bin/../lib/gcc/arm-none-eabi/4.9.3/../../../../arm-none-eabi/lib/armv6-m/crt0.o (memset)
/home/marco/ARMToolchain/gcc-arm-none-eabi-4_9-2015q2/bin/../lib/gcc/arm-none-eabi/4.9.3/../../../../arm-none-eabi/lib/armv6-m/libnosys.a(_exit.o)
                              /home/marco/ARMToolchain/gcc-arm-none-eabi-4_9-2015q2/bin/../lib/gcc/arm-none-eabi/4.9.3/../../../../arm-none-eabi/lib/armv6-m/libc_nano.a(lib_a-exit.o) (_exit)
/home/marco/ARMToolchain/gcc-arm-none-eabi-4_9-2015q2/bin/../lib/gcc/arm-none-eabi/4.9.3/armv6-m/libgcc.a(_udivsi3.o)
                              _build/app_pwm.o (__aeabi_uidiv)
/home/marco/ARMToolchain/gcc-arm-none-eabi-4_9-2015q2/bin/../lib/gcc/arm-none-eabi/4.9.3/armv6-m/libgcc.a(_divsi3.o)
                              _build/led_strip.o (__aeabi_idiv)
/home/marco/ARMToolchain/gcc-arm-none-eabi-4_9-2015q2/bin/../lib/gcc/arm-none-eabi/4.9.3/armv6-m/libgcc.a(_dvmd_tls.o)
                              /home/marco/ARMToolchain/gcc-arm-none-eabi-4_9-2015q2/bin/../lib/gcc/arm-none-eabi/4.9.3/armv6-m/libgcc.a(_udivsi3.o) (__aeabi_idiv0)
/home/marco/ARMToolchain/gcc-arm-none-eabi-4_9-2015q2/bin/../lib/gcc/arm-none-eabi/4.9.3/../../../../arm-none-eabi/lib/armv6-m/libc_nano.a(lib_a-memcmp.o)
                              _build/ble_manager.o (memcmp)
/home/marco/ARMToolchain/gcc-arm-none-eabi-4_9-2015q2/bin/../lib/gcc/arm-none-eabi/4.9.3/../../../../arm-none-eabi/lib/armv6-m/libc_nano.a(lib_a-memcpy.o)
                              _build/ble_manager.o (memcpy)
/home/marco/ARMToolchain/gcc-arm-none-eabi-4_9-2015q2/bin/../lib/gcc/arm-none-eabi/4.9.3/../../../../arm-none-eabi/lib/armv6-m/libc_nano.a(lib_a-strlen.o)
                              _build/ble_manager.o (strlen)

Allocating common symbols
Common symbol       size              file

nrf_nvic_state      0x8               _build/softdevice_handler.o
__stdin             0x68              _build/retarget.o
m_pwm_ready_counter
                    0x6               _build/app_pwm.o
m_pwm_PWM1_cb       0x24              _build/led_strip.o
char_values         0x24              _build/dimmer_service.o
__stdout            0x68              _build/retarget.o
m_pwm_PWM2_cb       0x24              _build/led_strip.o

Discarded input sections

 .text          0x00000000        0x0 /home/marco/ARMToolchain/gcc-arm-none-eabi-4_9-2015q2/bin/../lib/gcc/arm-none-eabi/4.9.3/armv6-m/crti.o
 .data          0x00000000        0x0 /home/marco/ARMToolchain/gcc-arm-none-eabi-4_9-2015q2/bin/../lib/gcc/arm-none-eabi/4.9.3/armv6-m/crti.o
 .bss           0x00000000        0x0 /home/marco/ARMToolchain/gcc-arm-none-eabi-4_9-2015q2/bin/../lib/gcc/arm-none-eabi/4.9.3/armv6-m/crti.o
 .data          0x00000000        0x4 /home/marco/ARMToolchain/gcc-arm-none-eabi-4_9-2015q2/bin/../lib/gcc/arm-none-eabi/4.9.3/armv6-m/crtbegin.o
 .data          0x00000000        0x0 /home/marco/ARMToolchain/gcc-arm-none-eabi-4_9-2015q2/bin/../lib/gcc/arm-none-eabi/4.9.3/../../../../arm-none-eabi/lib/armv6-m/crt0.o
 .bss           0x00000000        0x0 /home/marco/ARMToolchain/gcc-arm-none-eabi-4_9-2015q2/bin/../lib/gcc/arm-none-eabi/4.9.3/../../../../arm-none-eabi/lib/armv6-m/crt0.o
 .ARM.extab     0x00000000        0x0 /home/marco/ARMToolchain/gcc-arm-none-eabi-4_9-2015q2/bin/../lib/gcc/arm-none-eabi/4.9.3/../../../../arm-none-eabi/lib/armv6-m/crt0.o
 .text          0x00000000        0x0 /home/marco/ARMToolchain/gcc-arm-none-eabi-4_9-2015q2/bin/../lib/gcc/arm-none-eabi/4.9.3/../../../../arm-none-eabi/lib/armv6-m/libc_nano.a(lib_a-exit.o)
 .data          0x00000000        0x0 /home/marco/ARMToolchain/gcc-arm-none-eabi-4_9-2015q2/bin/../lib/gcc/arm-none-eabi/4.9.3/../../../../arm-none-eabi/lib/armv6-m/libc_nano.a(lib_a-exit.o)
 .bss           0x00000000        0x0 /home/marco/ARMToolchain/gcc-arm-none-eabi-4_9-2015q2/bin/../lib/gcc/arm-none-eabi/4.9.3/../../../../arm-none-eabi/lib/armv6-m/libc_nano.a(lib_a-exit.o)
 .text          0x00000000        0x0 /home/marco/ARMToolchain/gcc-arm-none-eabi-4_9-2015q2/bin/../lib/gcc/arm-none-eabi/4.9.3/../../../../arm-none-eabi/lib/armv6-m/libc_nano.a(lib_a-impure.o)
 .data          0x00000000        0x0 /home/marco/ARMToolchain/gcc-arm-none-eabi-4_9-2015q2/bin/../lib/gcc/arm-none-eabi/4.9.3/../../../../arm-none-eabi/lib/armv6-m/libc_nano.a(lib_a-impure.o)
 .bss           0x00000000        0x0 /home/marco/ARMToolchain/gcc-arm-none-eabi-4_9-2015q2/bin/../lib/gcc/arm-none-eabi/4.9.3/../../../../arm-none-eabi/lib/armv6-m/libc_nano.a(lib_a-impure.o)
 .data._impure_ptr
                0x00000000        0x4 /home/marco/ARMToolchain/gcc-arm-none-eabi-4_9-2015q2/bin/../lib/gcc/arm-none-eabi/4.9.3/../../../../arm-none-eabi/lib/armv6-m/libc_nano.a(lib_a-impure.o)
 .text          0x00000000        0x0 /home/marco/ARMToolchain/gcc-arm-none-eabi-4_9-2015q2/bin/../lib/gcc/arm-none-eabi/4.9.3/../../../../arm-none-eabi/lib/armv6-m/libc_nano.a(lib_a-init.o)
 .data          0x00000000        0x0 /home/marco/ARMToolchain/gcc-arm-none-eabi-4_9-2015q2/bin/../lib/gcc/arm-none-eabi/4.9.3/../../../../arm-none-eabi/lib/armv6-m/libc_nano.a(lib_a-init.o)
 .bss           0x00000000        0x0 /home/marco/ARMToolchain/gcc-arm-none-eabi-4_9-2015q2/bin/../lib/gcc/arm-none-eabi/4.9.3/../../../../arm-none-eabi/lib/armv6-m/libc_nano.a(lib_a-init.o)
 .text          0x00000000        0x0 /home/marco/ARMToolchain/gcc-arm-none-eabi-4_9-2015q2/bin/../lib/gcc/arm-none-eabi/4.9.3/../../../../arm-none-eabi/lib/armv6-m/libc_nano.a(lib_a-memset.o)
 .data          0x00000000        0x0 /home/marco/ARMToolchain/gcc-arm-none-eabi-4_9-2015q2/bin/../lib/gcc/arm-none-eabi/4.9.3/../../../../arm-none-eabi/lib/armv6-m/libc_nano.a(lib_a-memset.o)
 .bss           0x00000000        0x0 /home/marco/ARMToolchain/gcc-arm-none-eabi-4_9-2015q2/bin/../lib/gcc/arm-none-eabi/4.9.3/../../../../arm-none-eabi/lib/armv6-m/libc_nano.a(lib_a-memset.o)
 .text          0x00000000        0x0 /home/marco/ARMToolchain/gcc-arm-none-eabi-4_9-2015q2/bin/../lib/gcc/arm-none-eabi/4.9.3/../../../../arm-none-eabi/lib/armv6-m/libnosys.a(_exit.o)
 .data          0x00000000        0x0 /home/marco/ARMToolchain/gcc-arm-none-eabi-4_9-2015q2/bin/../lib/gcc/arm-none-eabi/4.9.3/../../../../arm-none-eabi/lib/armv6-m/libnosys.a(_exit.o)
 .bss           0x00000000        0x0 /home/marco/ARMToolchain/gcc-arm-none-eabi-4_9-2015q2/bin/../lib/gcc/arm-none-eabi/4.9.3/../../../../arm-none-eabi/lib/armv6-m/libnosys.a(_exit.o)
 .text          0x00000000        0x0 _build/main.o
 .data          0x00000000        0x0 _build/main.o
 .bss           0x00000000        0x0 _build/main.o
 .text.assert_nrf_callback
                0x00000000       0x14 _build/main.o
 .text          0x00000000        0x0 _build/application.o
 .data          0x00000000        0x0 _build/application.o
 .bss           0x00000000        0x0 _build/application.o
 .text          0x00000000        0x0 _build/ble_manager.o
 .data          0x00000000        0x0 _build/ble_manager.o
 .bss           0x00000000        0x0 _build/ble_manager.o
 .text.sd_ble_gap_scan_stop
                0x00000000        0x4 _build/ble_manager.o
 .text.ble_man_scan_stop
                0x00000000        0x8 _build/ble_manager.o
 .text          0x00000000        0x0 _build/dimmer_service.o
 .data          0x00000000        0x0 _build/dimmer_service.o
 .bss           0x00000000        0x0 _build/dimmer_service.o
 .text          0x00000000        0x0 _build/memory.o
 .data          0x00000000        0x0 _build/memory.o
 .bss           0x00000000        0x0 _build/memory.o
 .text          0x00000000        0x0 _build/led_strip.o
 .data          0x00000000        0x0 _build/led_strip.o
 .bss           0x00000000        0x0 _build/led_strip.o
 .text.led_turn_off
                0x00000000       0x6c _build/led_strip.o
 .text          0x00000000        0x0 _build/app_pwm.o
 .data          0x00000000        0x0 _build/app_pwm.o
 .bss           0x00000000        0x0 _build/app_pwm.o
 .text.app_pwm_busy_check
                0x00000000       0x44 _build/app_pwm.o
 .text.app_pwm_channel_duty_ticks_get
                0x00000000       0x10 _build/app_pwm.o
 .text.app_pwm_cycle_ticks_get
                0x00000000        0x8 _build/app_pwm.o
 .text.app_pwm_channel_duty_get
                0x00000000       0x1c _build/app_pwm.o
 .text.app_pwm_disable
                0x00000000       0xe8 _build/app_pwm.o
 .text.app_pwm_uninit
                0x00000000       0xa4 _build/app_pwm.o
 .text          0x00000000        0x0 _build/app_error.o
 .data          0x00000000        0x0 _build/app_error.o
 .bss           0x00000000        0x0 _build/app_error.o
 .text.app_error_handler
                0x00000000       0x20 _build/app_error.o
 .text.app_error_save_and_stop
                0x00000000       0x64 _build/app_error.o
 .bss.m_error_data.5657
                0x00000000       0x20 _build/app_error.o
 .text          0x00000000        0x0 _build/app_error_weak.o
 .data          0x00000000        0x0 _build/app_error_weak.o
 .bss           0x00000000        0x0 _build/app_error_weak.o
 .text          0x00000000        0x0 _build/app_fifo.o
 .data          0x00000000        0x0 _build/app_fifo.o
 .bss           0x00000000        0x0 _build/app_fifo.o
 .text.app_fifo_init
                0x00000000       0x28 _build/app_fifo.o
 .text.app_fifo_put
                0x00000000       0x28 _build/app_fifo.o
 .text.app_fifo_get
                0x00000000       0x24 _build/app_fifo.o
 .text.app_fifo_peek
                0x00000000       0x24 _build/app_fifo.o
 .text.app_fifo_flush
                0x00000000        0x8 _build/app_fifo.o
 .text.app_fifo_read
                0x00000000       0x54 _build/app_fifo.o
 .text.app_fifo_write
                0x00000000       0x58 _build/app_fifo.o
 .comment       0x00000000       0x71 _build/app_fifo.o
 .ARM.attributes
                0x00000000       0x31 _build/app_fifo.o
 .text          0x00000000        0x0 _build/app_timer.o
 .data          0x00000000        0x0 _build/app_timer.o
 .bss           0x00000000        0x0 _build/app_timer.o
 .text.app_timer_stop_all
                0x00000000       0xb8 _build/app_timer.o
 .text.app_timer_cnt_get
                0x00000000       0x14 _build/app_timer.o
 .text.app_timer_cnt_diff_compute
                0x00000000        0xc _build/app_timer.o
 .text          0x00000000        0x0 _build/app_trace.o
 .data          0x00000000        0x0 _build/app_trace.o
 .bss           0x00000000        0x0 _build/app_trace.o
 .comment       0x00000000       0x71 _build/app_trace.o
 .ARM.attributes
                0x00000000       0x31 _build/app_trace.o
 .text          0x00000000        0x0 _build/nrf_assert.o
 .data          0x00000000        0x0 _build/nrf_assert.o
 .bss           0x00000000        0x0 _build/nrf_assert.o
 .comment       0x00000000       0x71 _build/nrf_assert.o
 .ARM.attributes
                0x00000000       0x31 _build/nrf_assert.o
 .text          0x00000000        0x0 _build/app_util_platform.o
 .data          0x00000000        0x0 _build/app_util_platform.o
 .bss           0x00000000        0x0 _build/app_util_platform.o
 .text.app_util_disable_irq
                0x00000000       0x10 _build/app_util_platform.o
 .text.app_util_enable_irq
                0x00000000       0x14 _build/app_util_platform.o
 .bss.m_in_critical_region
                0x00000000        0x4 _build/app_util_platform.o
 .text          0x00000000        0x0 _build/retarget.o
 .data          0x00000000        0x0 _build/retarget.o
 .bss           0x00000000        0x0 _build/retarget.o
 .text._write   0x00000000       0x1c _build/retarget.o
 .text._read    0x00000000       0x14 _build/retarget.o
 .comment       0x00000000       0x71 _build/retarget.o
 .ARM.attributes
                0x00000000       0x31 _build/retarget.o
 COMMON         0x00000000       0xd0 _build/retarget.o
 .text          0x00000000        0x0 _build/nrf_drv_uart.o
 .data          0x00000000        0x0 _build/nrf_drv_uart.o
 .bss           0x00000000        0x0 _build/nrf_drv_uart.o
 .text.nrf_drv_uart_init
                0x00000000      0x120 _build/nrf_drv_uart.o
 .text.nrf_drv_uart_uninit
                0x00000000       0xbc _build/nrf_drv_uart.o
 .text.nrf_drv_uart_tx
                0x00000000       0xb4 _build/nrf_drv_uart.o
 .text.nrf_drv_uart_tx_in_progress
                0x00000000       0x10 _build/nrf_drv_uart.o
 .text.nrf_drv_uart_rx
                0x00000000      0x130 _build/nrf_drv_uart.o
 .text.nrf_drv_uart_rx_enable
                0x00000000       0x2c _build/nrf_drv_uart.o
 .text.nrf_drv_uart_rx_disable
                0x00000000       0x18 _build/nrf_drv_uart.o
 .text.nrf_drv_uart_errorsrc_get
                0x00000000       0x1c _build/nrf_drv_uart.o
 .text.nrf_drv_uart_tx_abort
                0x00000000       0x3c _build/nrf_drv_uart.o
 .text.nrf_drv_uart_rx_abort
                0x00000000       0x1c _build/nrf_drv_uart.o
 .rodata.m_default_config
                0x00000000       0x20 _build/nrf_drv_uart.o
 .text          0x00000000        0x0 _build/nrf_delay.o
 .data          0x00000000        0x0 _build/nrf_delay.o
 .bss           0x00000000        0x0 _build/nrf_delay.o
 .text          0x00000000        0x0 _build/nrf_drv_common.o
 .data          0x00000000        0x0 _build/nrf_drv_common.o
 .bss           0x00000000        0x0 _build/nrf_drv_common.o
 .text          0x00000000        0x0 _build/nrf_drv_gpiote.o
 .data          0x00000000        0x0 _build/nrf_drv_gpiote.o
 .bss           0x00000000        0x0 _build/nrf_drv_gpiote.o
 .text.nrf_drv_gpiote_uninit
                0x00000000       0xec _build/nrf_drv_gpiote.o
 .text.nrf_drv_gpiote_out_set
                0x00000000       0x14 _build/nrf_drv_gpiote.o
 .text.nrf_drv_gpiote_out_clear
                0x00000000       0x14 _build/nrf_drv_gpiote.o
 .text.nrf_drv_gpiote_out_toggle
                0x00000000       0x2c _build/nrf_drv_gpiote.o
 .text.nrf_drv_gpiote_out_task_disable
                0x00000000       0x28 _build/nrf_drv_gpiote.o
 .text.nrf_drv_gpiote_out_task_trigger
                0x00000000       0x20 _build/nrf_drv_gpiote.o
 .text.nrf_drv_gpiote_in_init
                0x00000000      0x17c _build/nrf_drv_gpiote.o
 .text.nrf_drv_gpiote_in_event_enable
                0x00000000       0xa8 _build/nrf_drv_gpiote.o
 .text.nrf_drv_gpiote_in_event_disable
                0x00000000       0x60 _build/nrf_drv_gpiote.o
 .text.nrf_drv_gpiote_in_uninit
                0x00000000       0xa8 _build/nrf_drv_gpiote.o
 .text.nrf_drv_gpiote_in_is_set
                0x00000000       0x14 _build/nrf_drv_gpiote.o
 .text.nrf_drv_gpiote_in_event_addr_get
                0x00000000       0x20 _build/nrf_drv_gpiote.o
 .text          0x00000000        0x0 _build/nrf_drv_timer.o
 .data          0x00000000        0x0 _build/nrf_drv_timer.o
 .bss           0x00000000        0x0 _build/nrf_drv_timer.o
 .text.nrf_drv_timer_disable
                0x00000000       0x1c _build/nrf_drv_timer.o
 .text.nrf_drv_timer_resume
                0x00000000        0x8 _build/nrf_drv_timer.o
 .text.nrf_drv_timer_pause
                0x00000000        0x8 _build/nrf_drv_timer.o
 .text.nrf_drv_timer_increment
                0x00000000        0x8 _build/nrf_drv_timer.o
 .text.nrf_drv_timer_capture
                0x00000000       0x20 _build/nrf_drv_timer.o
 .text          0x00000000        0x0 _build/nrf_soc.o
 .data          0x00000000        0x0 _build/nrf_soc.o
 .bss           0x00000000        0x0 _build/nrf_soc.o
 .text.sd_app_evt_wait
                0x00000000        0x8 _build/nrf_soc.o
 .comment       0x00000000       0x71 _build/nrf_soc.o
 .ARM.attributes
                0x00000000       0x31 _build/nrf_soc.o
 .text          0x00000000        0x0 _build/nrf_drv_ppi.o
 .data          0x00000000        0x0 _build/nrf_drv_ppi.o
 .bss           0x00000000        0x0 _build/nrf_drv_ppi.o
 .text.nrf_drv_ppi_uninit
                0x00000000       0x6c _build/nrf_drv_ppi.o
 .text.nrf_drv_ppi_channel_fork_assign
                0x00000000        0x4 _build/nrf_drv_ppi.o
 .text.nrf_drv_ppi_group_disable
                0x00000000       0x24 _build/nrf_drv_ppi.o
 .text          0x00000000        0x0 _build/pstorage.o
 .data          0x00000000        0x0 _build/pstorage.o
 .bss           0x00000000        0x0 _build/pstorage.o
 .text.pstorage_access_status_get
                0x00000000       0x28 _build/pstorage.o
 .text          0x00000000        0x0 _build/ble_advdata.o
 .data          0x00000000        0x0 _build/ble_advdata.o
 .bss           0x00000000        0x0 _build/ble_advdata.o
 .text          0x00000000        0x0 _build/ble_conn_params.o
 .data          0x00000000        0x0 _build/ble_conn_params.o
 .bss           0x00000000        0x0 _build/ble_conn_params.o
 .text.ble_conn_params_stop
                0x00000000       0x10 _build/ble_conn_params.o
 .text.ble_conn_params_change_conn_params
                0x00000000       0x70 _build/ble_conn_params.o
 .text          0x00000000        0x0 _build/ble_srv_common.o
 .data          0x00000000        0x0 _build/ble_srv_common.o
 .bss           0x00000000        0x0 _build/ble_srv_common.o
 .text.sd_ble_gatts_characteristic_add
                0x00000000        0x4 _build/ble_srv_common.o
 .text.sd_ble_gatts_descriptor_add
                0x00000000        0x4 _build/ble_srv_common.o
 .text.ble_srv_report_ref_encode
                0x00000000        0xc _build/ble_srv_common.o
 .text.ble_srv_ascii_to_utf8
                0x00000000       0x14 _build/ble_srv_common.o
 .text.characteristic_add
                0x00000000      0x368 _build/ble_srv_common.o
 .rodata.characteristic_add
                0x00000000       0x78 _build/ble_srv_common.o
 .text.descriptor_add
                0x00000000      0x15c _build/ble_srv_common.o
 .rodata.descriptor_add
                0x00000000       0x30 _build/ble_srv_common.o
 .comment       0x00000000       0x71 _build/ble_srv_common.o
 .ARM.attributes
                0x00000000       0x31 _build/ble_srv_common.o
 .text          0x00000000        0x0 _build/ble_nus.o
 .data          0x00000000        0x0 _build/ble_nus.o
 .bss           0x00000000        0x0 _build/ble_nus.o
 .text.sd_ble_gatts_service_add
                0x00000000        0x4 _build/ble_nus.o
 .text.sd_ble_gatts_characteristic_add
                0x00000000        0x4 _build/ble_nus.o
 .text.sd_ble_gatts_hvx
                0x00000000        0x4 _build/ble_nus.o
 .text.sd_ble_uuid_vs_add
                0x00000000        0x4 _build/ble_nus.o
 .text.ble_nus_on_ble_evt
                0x00000000       0x60 _build/ble_nus.o
 .text.ble_nus_init
                0x00000000      0x208 _build/ble_nus.o
 .text.ble_nus_string_send
                0x00000000       0x5c _build/ble_nus.o
 .rodata        0x00000000       0x10 _build/ble_nus.o
 .comment       0x00000000       0x71 _build/ble_nus.o
 .ARM.attributes
                0x00000000       0x31 _build/ble_nus.o
 .text          0x00000000        0x0 _build/system_nrf51.o
 .data          0x00000000        0x0 _build/system_nrf51.o
 .bss           0x00000000        0x0 _build/system_nrf51.o
 .text.SystemCoreClockUpdate
                0x00000000       0x10 _build/system_nrf51.o
 .data.SystemCoreClock
                0x00000000        0x4 _build/system_nrf51.o
 .text          0x00000000        0x0 _build/softdevice_handler.o
 .data          0x00000000        0x0 _build/softdevice_handler.o
 .bss           0x00000000        0x0 _build/softdevice_handler.o
 .text.sd_softdevice_disable
                0x00000000        0x4 _build/softdevice_handler.o
 .text.intern_softdevice_events_execute
                0x00000000       0x14 _build/softdevice_handler.o
 .text.softdevice_handler_isEnabled
                0x00000000        0xc _build/softdevice_handler.o
 .text.softdevice_handler_sd_disable
                0x00000000       0x18 _build/softdevice_handler.o
 .data          0x00000000        0x0 _build/gcc_startup_nrf51.o
 .bss           0x00000000        0x0 _build/gcc_startup_nrf51.o
 .data          0x00000000        0x0 /home/marco/ARMToolchain/gcc-arm-none-eabi-4_9-2015q2/bin/../lib/gcc/arm-none-eabi/4.9.3/armv6-m/libgcc.a(_udivsi3.o)
 .bss           0x00000000        0x0 /home/marco/ARMToolchain/gcc-arm-none-eabi-4_9-2015q2/bin/../lib/gcc/arm-none-eabi/4.9.3/armv6-m/libgcc.a(_udivsi3.o)
 .data          0x00000000        0x0 /home/marco/ARMToolchain/gcc-arm-none-eabi-4_9-2015q2/bin/../lib/gcc/arm-none-eabi/4.9.3/armv6-m/libgcc.a(_divsi3.o)
 .bss           0x00000000        0x0 /home/marco/ARMToolchain/gcc-arm-none-eabi-4_9-2015q2/bin/../lib/gcc/arm-none-eabi/4.9.3/armv6-m/libgcc.a(_divsi3.o)
 .data          0x00000000        0x0 /home/marco/ARMToolchain/gcc-arm-none-eabi-4_9-2015q2/bin/../lib/gcc/arm-none-eabi/4.9.3/armv6-m/libgcc.a(_dvmd_tls.o)
 .bss           0x00000000        0x0 /home/marco/ARMToolchain/gcc-arm-none-eabi-4_9-2015q2/bin/../lib/gcc/arm-none-eabi/4.9.3/armv6-m/libgcc.a(_dvmd_tls.o)
 .text          0x00000000        0x0 /home/marco/ARMToolchain/gcc-arm-none-eabi-4_9-2015q2/bin/../lib/gcc/arm-none-eabi/4.9.3/../../../../arm-none-eabi/lib/armv6-m/libc_nano.a(lib_a-memcmp.o)
 .data          0x00000000        0x0 /home/marco/ARMToolchain/gcc-arm-none-eabi-4_9-2015q2/bin/../lib/gcc/arm-none-eabi/4.9.3/../../../../arm-none-eabi/lib/armv6-m/libc_nano.a(lib_a-memcmp.o)
 .bss           0x00000000        0x0 /home/marco/ARMToolchain/gcc-arm-none-eabi-4_9-2015q2/bin/../lib/gcc/arm-none-eabi/4.9.3/../../../../arm-none-eabi/lib/armv6-m/libc_nano.a(lib_a-memcmp.o)
 .text          0x00000000        0x0 /home/marco/ARMToolchain/gcc-arm-none-eabi-4_9-2015q2/bin/../lib/gcc/arm-none-eabi/4.9.3/../../../../arm-none-eabi/lib/armv6-m/libc_nano.a(lib_a-memcpy.o)
 .data          0x00000000        0x0 /home/marco/ARMToolchain/gcc-arm-none-eabi-4_9-2015q2/bin/../lib/gcc/arm-none-eabi/4.9.3/../../../../arm-none-eabi/lib/armv6-m/libc_nano.a(lib_a-memcpy.o)
 .bss           0x00000000        0x0 /home/marco/ARMToolchain/gcc-arm-none-eabi-4_9-2015q2/bin/../lib/gcc/arm-none-eabi/4.9.3/../../../../arm-none-eabi/lib/armv6-m/libc_nano.a(lib_a-memcpy.o)
 .text          0x00000000        0x0 /home/marco/ARMToolchain/gcc-arm-none-eabi-4_9-2015q2/bin/../lib/gcc/arm-none-eabi/4.9.3/../../../../arm-none-eabi/lib/armv6-m/libc_nano.a(lib_a-strlen.o)
 .data          0x00000000        0x0 /home/marco/ARMToolchain/gcc-arm-none-eabi-4_9-2015q2/bin/../lib/gcc/arm-none-eabi/4.9.3/../../../../arm-none-eabi/lib/armv6-m/libc_nano.a(lib_a-strlen.o)
 .bss           0x00000000        0x0 /home/marco/ARMToolchain/gcc-arm-none-eabi-4_9-2015q2/bin/../lib/gcc/arm-none-eabi/4.9.3/../../../../arm-none-eabi/lib/armv6-m/libc_nano.a(lib_a-strlen.o)
 .text          0x00000000        0x0 /home/marco/ARMToolchain/gcc-arm-none-eabi-4_9-2015q2/bin/../lib/gcc/arm-none-eabi/4.9.3/armv6-m/crtend.o
 .data          0x00000000        0x0 /home/marco/ARMToolchain/gcc-arm-none-eabi-4_9-2015q2/bin/../lib/gcc/arm-none-eabi/4.9.3/armv6-m/crtend.o
 .bss           0x00000000        0x0 /home/marco/ARMToolchain/gcc-arm-none-eabi-4_9-2015q2/bin/../lib/gcc/arm-none-eabi/4.9.3/armv6-m/crtend.o
 .text          0x00000000        0x0 /home/marco/ARMToolchain/gcc-arm-none-eabi-4_9-2015q2/bin/../lib/gcc/arm-none-eabi/4.9.3/armv6-m/crtn.o
 .data          0x00000000        0x0 /home/marco/ARMToolchain/gcc-arm-none-eabi-4_9-2015q2/bin/../lib/gcc/arm-none-eabi/4.9.3/armv6-m/crtn.o
 .bss           0x00000000        0x0 /home/marco/ARMToolchain/gcc-arm-none-eabi-4_9-2015q2/bin/../lib/gcc/arm-none-eabi/4.9.3/armv6-m/crtn.o

Memory Configuration

Name             Origin             Length             Attributes
FLASH            0x0001b000         0x00024000         xr
RAM              0x20002800         0x00005800         xrw
*default*        0x00000000         0xffffffff

Linker script and memory map

LOAD /home/marco/ARMToolchain/gcc-arm-none-eabi-4_9-2015q2/bin/../lib/gcc/arm-none-eabi/4.9.3/armv6-m/crti.o
LOAD /home/marco/ARMToolchain/gcc-arm-none-eabi-4_9-2015q2/bin/../lib/gcc/arm-none-eabi/4.9.3/armv6-m/crtbegin.o
LOAD /home/marco/ARMToolchain/gcc-arm-none-eabi-4_9-2015q2/bin/../lib/gcc/arm-none-eabi/4.9.3/../../../../arm-none-eabi/lib/armv6-m/crt0.o
LOAD /home/marco/ARMToolchain/gcc-arm-none-eabi-4_9-2015q2/bin/../lib/gcc/arm-none-eabi/4.9.3/../../../../arm-none-eabi/lib/armv6-m/libc_nano.a
LOAD /home/marco/ARMToolchain/gcc-arm-none-eabi-4_9-2015q2/bin/../lib/gcc/arm-none-eabi/4.9.3/../../../../arm-none-eabi/lib/armv6-m/libnosys.a
LOAD _build/main.o
LOAD _build/application.o
LOAD _build/ble_manager.o
LOAD _build/dimmer_service.o
LOAD _build/memory.o
LOAD _build/led_strip.o
LOAD _build/app_pwm.o
LOAD _build/app_error.o
LOAD _build/app_error_weak.o
LOAD _build/app_fifo.o
LOAD _build/app_timer.o
LOAD _build/app_trace.o
LOAD _build/nrf_assert.o
LOAD _build/app_util_platform.o
LOAD _build/retarget.o
LOAD _build/nrf_drv_uart.o
LOAD _build/nrf_delay.o
LOAD _build/nrf_drv_common.o
LOAD _build/nrf_drv_gpiote.o
LOAD _build/nrf_drv_timer.o
LOAD _build/nrf_soc.o
LOAD _build/nrf_drv_ppi.o
LOAD _build/pstorage.o
LOAD _build/ble_advdata.o
LOAD _build/ble_conn_params.o
LOAD _build/ble_srv_common.o
LOAD _build/ble_nus.o
LOAD _build/system_nrf51.o
LOAD _build/softdevice_handler.o
LOAD _build/gcc_startup_nrf51.o
START GROUP
LOAD /home/marco/ARMToolchain/gcc-arm-none-eabi-4_9-2015q2/bin/../lib/gcc/arm-none-eabi/4.9.3/armv6-m/libgcc.a
LOAD /home/marco/ARMToolchain/gcc-arm-none-eabi-4_9-2015q2/bin/../lib/gcc/arm-none-eabi/4.9.3/../../../../arm-none-eabi/lib/armv6-m/libc_nano.a
END GROUP
START GROUP
LOAD /home/marco/ARMToolchain/gcc-arm-none-eabi-4_9-2015q2/bin/../lib/gcc/arm-none-eabi/4.9.3/armv6-m/libgcc.a
LOAD /home/marco/ARMToolchain/gcc-arm-none-eabi-4_9-2015q2/bin/../lib/gcc/arm-none-eabi/4.9.3/../../../../arm-none-eabi/lib/armv6-m/libc_nano.a
END GROUP
LOAD /home/marco/ARMToolchain/gcc-arm-none-eabi-4_9-2015q2/bin/../lib/gcc/arm-none-eabi/4.9.3/armv6-m/crtend.o
LOAD /home/marco/ARMToolchain/gcc-arm-none-eabi-4_9-2015q2/bin/../lib/gcc/arm-none-eabi/4.9.3/armv6-m/crtn.o
START GROUP
LOAD /home/marco/ARMToolchain/gcc-arm-none-eabi-4_9-2015q2/bin/../lib/gcc/arm-none-eabi/4.9.3/armv6-m/libgcc.a
LOAD /home/marco/ARMToolchain/gcc-arm-none-eabi-4_9-2015q2/bin/../lib/gcc/arm-none-eabi/4.9.3/../../../../arm-none-eabi/lib/armv6-m/libc.a
LOAD /home/marco/ARMToolchain/gcc-arm-none-eabi-4_9-2015q2/bin/../lib/gcc/arm-none-eabi/4.9.3/../../../../arm-none-eabi/lib/armv6-m/libnosys.a
END GROUP

.fs_data_out    0x00000000        0x0
                0x00000000                PROVIDE (__start_fs_data, .)
 *(fs_data)
                0x00000000                PROVIDE (__stop_fs_data, .)

.text           0x0001b000     0x6234
 *(.isr_vector)
 .isr_vector    0x0001b000       0xc0 _build/gcc_startup_nrf51.o
                0x0001b000                __isr_vector
 *(.text*)
 .text          0x0001b0c0       0x60 /home/marco/ARMToolchain/gcc-arm-none-eabi-4_9-2015q2/bin/../lib/gcc/arm-none-eabi/4.9.3/armv6-m/crtbegin.o
 .text          0x0001b120       0x78 /home/marco/ARMToolchain/gcc-arm-none-eabi-4_9-2015q2/bin/../lib/gcc/arm-none-eabi/4.9.3/../../../../arm-none-eabi/lib/armv6-m/crt0.o
                0x0001b120                _mainCRTStartup
                0x0001b120                _start
 .text.exit     0x0001b198       0x2c /home/marco/ARMToolchain/gcc-arm-none-eabi-4_9-2015q2/bin/../lib/gcc/arm-none-eabi/4.9.3/../../../../arm-none-eabi/lib/armv6-m/libc_nano.a(lib_a-exit.o)
                0x0001b198                exit
 .text.__libc_init_array
                0x0001b1c4       0x4c /home/marco/ARMToolchain/gcc-arm-none-eabi-4_9-2015q2/bin/../lib/gcc/arm-none-eabi/4.9.3/../../../../arm-none-eabi/lib/armv6-m/libc_nano.a(lib_a-init.o)
                0x0001b1c4                __libc_init_array
 .text.memset   0x0001b210       0x10 /home/marco/ARMToolchain/gcc-arm-none-eabi-4_9-2015q2/bin/../lib/gcc/arm-none-eabi/4.9.3/../../../../arm-none-eabi/lib/armv6-m/libc_nano.a(lib_a-memset.o)
                0x0001b210                memset
 .text._exit    0x0001b220        0x4 /home/marco/ARMToolchain/gcc-arm-none-eabi-4_9-2015q2/bin/../lib/gcc/arm-none-eabi/4.9.3/../../../../arm-none-eabi/lib/armv6-m/libnosys.a(_exit.o)
                0x0001b220                _exit
 .text.sd_app_evt_wait
                0x0001b224        0x4 _build/main.o
 .text.startup.main
                0x0001b228       0x44 _build/main.o
                0x0001b228                main
 .text.tick_timer_function
                0x0001b26c        0xc _build/application.o
 .text.application_on_conn
                0x0001b278       0x18 _build/application.o
                0x0001b278                application_on_conn
 .text.application_on_disconn
                0x0001b290       0x20 _build/application.o
                0x0001b290                application_on_disconn
 .text.application_init
                0x0001b2b0       0x64 _build/application.o
                0x0001b2b0                application_init
 .text.application_run
                0x0001b314        0x8 _build/application.o
                0x0001b314                application_run
 .text.sd_ble_gap_adv_start
                0x0001b31c        0x4 _build/ble_manager.o
 .text.sd_ble_gap_adv_stop
                0x0001b320        0x4 _build/ble_manager.o
 .text.sd_ble_gap_disconnect
                0x0001b324        0x4 _build/ble_manager.o
 .text.sd_ble_gap_appearance_set
                0x0001b328        0x4 _build/ble_manager.o
 .text.sd_ble_gap_ppcp_set
                0x0001b32c        0x4 _build/ble_manager.o
 .text.sd_ble_gap_device_name_set
                0x0001b330        0x4 _build/ble_manager.o
 .text.sd_ble_gap_sec_params_reply
                0x0001b334        0x4 _build/ble_manager.o
 .text.sd_ble_gap_scan_start
                0x0001b338        0x4 _build/ble_manager.o
 .text.sd_ble_gatts_sys_attr_set
                0x0001b33c        0x4 _build/ble_manager.o
 .text.conn_params_error_handler
                0x0001b340        0x8 _build/ble_manager.o
 .text.ble_evt_dispatch
                0x0001b348       0xd8 _build/ble_manager.o
 .text.dimmer_data_handler
                0x0001b420        0xc _build/ble_manager.o
 .text.on_conn_params_evt
                0x0001b42c       0x24 _build/ble_manager.o
 .text.ble_man_init
                0x0001b450      0x15c _build/ble_manager.o
                0x0001b450                ble_man_init
 .text.ble_man_scan_start
                0x0001b5ac       0x18 _build/ble_manager.o
                0x0001b5ac                ble_man_scan_start
 .text.ble_man_adv_start
                0x0001b5c4       0xb0 _build/ble_manager.o
                0x0001b5c4                ble_man_adv_start
 .text.ble_man_adv_stop
                0x0001b674       0x10 _build/ble_manager.o
                0x0001b674                ble_man_adv_stop
 .text.sd_ble_gatts_service_add
                0x0001b684        0x4 _build/dimmer_service.o
 .text.sd_ble_gatts_characteristic_add
                0x0001b688        0x4 _build/dimmer_service.o
 .text.sd_ble_uuid_vs_add
                0x0001b68c        0x4 _build/dimmer_service.o
 .text.ble_dimmer_on_ble_evt
                0x0001b690       0x9c _build/dimmer_service.o
                0x0001b690                ble_dimmer_on_ble_evt
 .text.ble_dimmer_init
                0x0001b72c      0x2a4 _build/dimmer_service.o
                0x0001b72c                ble_dimmer_init
 .text.ps_cb_handler
                0x0001b9d0       0xf8 _build/memory.o
 .text.sys_evt_dispatch
                0x0001bac8        0x8 _build/memory.o
 .text.memory_is_busy
                0x0001bad0       0x14 _build/memory.o
                0x0001bad0                memory_is_busy
 .text.memory_update_field
                0x0001bae4       0xec _build/memory.o
                0x0001bae4                memory_update_field
 .text.memory_init
                0x0001bbd0       0x8c _build/memory.o
                0x0001bbd0                memory_init
 .text.pwm_ready_callback
                0x0001bc5c       0x20 _build/led_strip.o
 .text.led_light_init
                0x0001bc7c       0x88 _build/led_strip.o
                0x0001bc7c                led_light_init
 .text.led_update_light
                0x0001bd04       0xc4 _build/led_strip.o
                0x0001bd04                led_update_light
 .text.led_manage_light
                0x0001bdc8      0x1a8 _build/led_strip.o
                0x0001bdc8                led_manage_light
 .text.pwm_ready_tick
                0x0001bf70       0x9c _build/app_pwm.o
                0x0001bf70                pwm_ready_tick
 .text.pwm_transition_0or100_to_n
                0x0001c00c      0x14c _build/app_pwm.o
 .text.pwm_transition_n_to_0or100
                0x0001c158      0x13c _build/app_pwm.o
 .text.pwm_transition_n_to_m
                0x0001c294       0xfc _build/app_pwm.o
 .text.app_pwm_channel_duty_ticks_set
                0x0001c390      0x1d8 _build/app_pwm.o
                0x0001c390                app_pwm_channel_duty_ticks_set
 .text.app_pwm_channel_duty_set
                0x0001c568      0x1e4 _build/app_pwm.o
                0x0001c568                app_pwm_channel_duty_set
 .text.app_pwm_init
                0x0001c74c      0x4d0 _build/app_pwm.o
                0x0001c74c                app_pwm_init
 .text.app_pwm_enable
                0x0001cc1c       0xcc _build/app_pwm.o
                0x0001cc1c                app_pwm_enable
 .text.app_error_handler_bare
                0x0001cce8       0x20 _build/app_error.o
                0x0001cce8                app_error_handler_bare
 .text.app_error_fault_handler
                0x0001cd08       0x1c _build/app_error_weak.o
                0x0001cd08                app_error_fault_handler
 .text.rtc1_stop
                0x0001cd24       0x78 _build/app_timer.o
 .text.RTC1_IRQHandler
                0x0001cd9c       0xdc _build/app_timer.o
                0x0001cd9c                RTC1_IRQHandler
 .text.SWI0_IRQHandler
                0x0001ce78      0x448 _build/app_timer.o
                0x0001ce78                SWI0_IRQHandler
 .text.app_timer_init
                0x0001d2c0       0xe4 _build/app_timer.o
                0x0001d2c0                app_timer_init
 .text.app_timer_create
                0x0001d3a4       0x34 _build/app_timer.o
                0x0001d3a4                app_timer_create
 .text.app_timer_start
                0x0001d3d8       0xf8 _build/app_timer.o
                0x0001d3d8                app_timer_start
 .text.app_timer_stop
                0x0001d4d0       0xc8 _build/app_timer.o
                0x0001d4d0                app_timer_stop
 .text.app_util_critical_region_enter
                0x0001d598       0x40 _build/app_util_platform.o
                0x0001d598                app_util_critical_region_enter
 .text.app_util_critical_region_exit
                0x0001d5d8       0x2c _build/app_util_platform.o
                0x0001d5d8                app_util_critical_region_exit
 .text.UART0_IRQHandler
                0x0001d604      0x1a8 _build/nrf_drv_uart.o
                0x0001d604                UART0_IRQHandler
 .text.nrf_delay_ms
                0x0001d7ac       0x3c _build/nrf_delay.o
                0x0001d7ac                nrf_delay_ms
 .text.nrf_drv_common_irq_enable
                0x0001d7e8       0x80 _build/nrf_drv_common.o
                0x0001d7e8                nrf_drv_common_irq_enable
 .text.nrf_drv_gpiote_init
                0x0001d868       0x74 _build/nrf_drv_gpiote.o
                0x0001d868                nrf_drv_gpiote_init
 .text.nrf_drv_gpiote_is_init
                0x0001d8dc       0x14 _build/nrf_drv_gpiote.o
                0x0001d8dc                nrf_drv_gpiote_is_init
 .text.nrf_drv_gpiote_out_init
                0x0001d8f0       0xdc _build/nrf_drv_gpiote.o
                0x0001d8f0                nrf_drv_gpiote_out_init
 .text.nrf_drv_gpiote_out_uninit
                0x0001d9cc       0x48 _build/nrf_drv_gpiote.o
                0x0001d9cc                nrf_drv_gpiote_out_uninit
 .text.nrf_drv_gpiote_out_task_enable
                0x0001da14       0x38 _build/nrf_drv_gpiote.o
                0x0001da14                nrf_drv_gpiote_out_task_enable
 .text.nrf_drv_gpiote_out_task_addr_get
                0x0001da4c       0x20 _build/nrf_drv_gpiote.o
                0x0001da4c                nrf_drv_gpiote_out_task_addr_get
 .text.nrf_drv_gpiote_out_task_force
                0x0001da6c       0x38 _build/nrf_drv_gpiote.o
                0x0001da6c                nrf_drv_gpiote_out_task_force
 .text.GPIOTE_IRQHandler
                0x0001daa4      0x2c0 _build/nrf_drv_gpiote.o
                0x0001daa4                GPIOTE_IRQHandler
 .text.nrf_drv_timer_init
                0x0001dd64       0xe8 _build/nrf_drv_timer.o
                0x0001dd64                nrf_drv_timer_init
 .text.nrf_drv_timer_uninit
                0x0001de4c       0x58 _build/nrf_drv_timer.o
                0x0001de4c                nrf_drv_timer_uninit
 .text.nrf_drv_timer_enable
                0x0001dea4       0x1c _build/nrf_drv_timer.o
                0x0001dea4                nrf_drv_timer_enable
 .text.nrf_drv_timer_clear
                0x0001dec0        0x8 _build/nrf_drv_timer.o
                0x0001dec0                nrf_drv_timer_clear
 .text.nrf_drv_timer_compare
                0x0001dec8       0x2c _build/nrf_drv_timer.o
                0x0001dec8                nrf_drv_timer_compare
 .text.nrf_drv_timer_extended_compare
                0x0001def4       0x4c _build/nrf_drv_timer.o
                0x0001def4                nrf_drv_timer_extended_compare
 .text.nrf_drv_timer_compare_int_enable
                0x0001df40       0x24 _build/nrf_drv_timer.o
                0x0001df40                nrf_drv_timer_compare_int_enable
 .text.nrf_drv_timer_compare_int_disable
                0x0001df64       0x14 _build/nrf_drv_timer.o
                0x0001df64                nrf_drv_timer_compare_int_disable
 .text.TIMER0_IRQHandler
                0x0001df78       0xb4 _build/nrf_drv_timer.o
                0x0001df78                TIMER0_IRQHandler
 .text.TIMER1_IRQHandler
                0x0001e02c       0xb4 _build/nrf_drv_timer.o
                0x0001e02c                TIMER1_IRQHandler
 .text.TIMER2_IRQHandler
                0x0001e0e0       0xb4 _build/nrf_drv_timer.o
                0x0001e0e0                TIMER2_IRQHandler
 .text.nrf_drv_ppi_init
                0x0001e194       0x18 _build/nrf_drv_ppi.o
                0x0001e194                nrf_drv_ppi_init
 .text.nrf_drv_ppi_channel_alloc
                0x0001e1ac       0x7c _build/nrf_drv_ppi.o
                0x0001e1ac                nrf_drv_ppi_channel_alloc
 .text.nrf_drv_ppi_channel_free
                0x0001e228       0x44 _build/nrf_drv_ppi.o
                0x0001e228                nrf_drv_ppi_channel_free
 .text.nrf_drv_ppi_channel_assign
                0x0001e26c       0x48 _build/nrf_drv_ppi.o
                0x0001e26c                nrf_drv_ppi_channel_assign
 .text.nrf_drv_ppi_channel_enable
                0x0001e2b4       0x34 _build/nrf_drv_ppi.o
                0x0001e2b4                nrf_drv_ppi_channel_enable
 .text.nrf_drv_ppi_channel_disable
                0x0001e2e8       0x30 _build/nrf_drv_ppi.o
                0x0001e2e8                nrf_drv_ppi_channel_disable
 .text.nrf_drv_ppi_group_alloc
                0x0001e318       0x78 _build/nrf_drv_ppi.o
                0x0001e318                nrf_drv_ppi_group_alloc
 .text.nrf_drv_ppi_group_free
                0x0001e390       0x50 _build/nrf_drv_ppi.o
                0x0001e390                nrf_drv_ppi_group_free
 .text.nrf_drv_ppi_group_enable
                0x0001e3e0       0x30 _build/nrf_drv_ppi.o
                0x0001e3e0                nrf_drv_ppi_group_enable
 .text.nrf_drv_ppi_channels_remove_from_group
                0x0001e410       0x58 _build/nrf_drv_ppi.o
                0x0001e410                nrf_drv_ppi_channels_remove_from_group
 .text.nrf_drv_ppi_channels_include_in_group
                0x0001e468       0x58 _build/nrf_drv_ppi.o
                0x0001e468                nrf_drv_ppi_channels_include_in_group
 .text.sd_flash_write
                0x0001e4c0        0x4 _build/pstorage.o
 .text.sd_flash_page_erase
                0x0001e4c4        0x4 _build/pstorage.o
 .text.flash_api_err_code_process
                0x0001e4c8       0x60 _build/pstorage.o
 .text.state_entry_action_run
                0x0001e528      0x1b4 _build/pstorage.o
 .text.clear_operation_execute
                0x0001e6dc      0x194 _build/pstorage.o
 .text.unlikely.cmd_queue_enqueue
                0x0001e870       0x8c _build/pstorage.o
 .text.tail_restore_state_run
                0x0001e8fc       0xb4 _build/pstorage.o
 .text.state_write_data_swap_entry_run
                0x0001e9b0       0xb0 _build/pstorage.o
 .text.state_restore_head_entry_run
                0x0001ea60       0xb0 _build/pstorage.o
 .text.data_to_swap_write_state_run
                0x0001eb10       0xa0 _build/pstorage.o
 .text.state_restore_tail_entry_run
                0x0001ebb0       0xc0 _build/pstorage.o
 .text.state_erase_data_page_entry_run
                0x0001ec70       0x70 _build/pstorage.o
 .text.swap_erase_state_run
                0x0001ece0       0xd4 _build/pstorage.o
 .text.state_swap_erase_entry_run
                0x0001edb4       0xa4 _build/pstorage.o
 .text.store_cmd_flash_write_execute
                0x0001ee58      0x120 _build/pstorage.o
 .text.head_restore_state_run
                0x0001ef78      0x21c _build/pstorage.o
 .text.data_page_erase_state_run
                0x0001f194      0x26c _build/pstorage.o
 .text.command_end_procedure_run
                0x0001f400       0xb8 _build/pstorage.o
 .text.pstorage_sys_event_handler
                0x0001f4b8      0x1cc _build/pstorage.o
                0x0001f4b8                pstorage_sys_event_handler
 .text.pstorage_init
                0x0001f684      0x14c _build/pstorage.o
                0x0001f684                pstorage_init
 .text.pstorage_register
                0x0001f7d0       0xf0 _build/pstorage.o
                0x0001f7d0                pstorage_register
 .text.pstorage_block_identifier_get
                0x0001f8c0       0x50 _build/pstorage.o
                0x0001f8c0                pstorage_block_identifier_get
 .text.pstorage_store
                0x0001f910       0x88 _build/pstorage.o
                0x0001f910                pstorage_store
 .text.pstorage_update
                0x0001f998       0x88 _build/pstorage.o
                0x0001f998                pstorage_update
 .text.pstorage_load
                0x0001fa20       0xa8 _build/pstorage.o
                0x0001fa20                pstorage_load
 .text.pstorage_clear
                0x0001fac8       0x94 _build/pstorage.o
                0x0001fac8                pstorage_clear
 .text.sd_ble_gap_address_get
                0x0001fb5c        0x4 _build/ble_advdata.o
 .text.sd_ble_gap_adv_data_set
                0x0001fb60        0x4 _build/ble_advdata.o
 .text.sd_ble_gap_appearance_get
                0x0001fb64        0x4 _build/ble_advdata.o
 .text.sd_ble_gap_device_name_get
                0x0001fb68        0x4 _build/ble_advdata.o
 .text.sd_ble_uuid_encode
                0x0001fb6c        0x4 _build/ble_advdata.o
 .text.name_encode
                0x0001fb70       0x8c _build/ble_advdata.o
 .text.uuid_list_sized_encode
                0x0001fbfc       0xe8 _build/ble_advdata.o
 .text.adv_data_encode
                0x0001fce4      0x550 _build/ble_advdata.o
                0x0001fce4                adv_data_encode
 .text.ble_advdata_set
                0x00020234      0x508 _build/ble_advdata.o
                0x00020234                ble_advdata_set
 .text.sd_ble_gap_conn_param_update
                0x0002073c        0x4 _build/ble_conn_params.o
 .text.sd_ble_gap_disconnect
                0x00020740        0x4 _build/ble_conn_params.o
 .text.sd_ble_gap_ppcp_set
                0x00020744        0x4 _build/ble_conn_params.o
 .text.sd_ble_gap_ppcp_get
                0x00020748        0x4 _build/ble_conn_params.o
 .text.update_timeout_handler
                0x0002074c       0x78 _build/ble_conn_params.o
 .text.conn_params_negotiation
                0x000207c4       0x88 _build/ble_conn_params.o
 .text.ble_conn_params_init
                0x0002084c       0x78 _build/ble_conn_params.o
                0x0002084c                ble_conn_params_init
 .text.ble_conn_params_on_ble_evt
                0x000208c4       0xa4 _build/ble_conn_params.o
                0x000208c4                ble_conn_params_on_ble_evt
 .text.SystemInit
                0x00020968       0xec _build/system_nrf51.o
                0x00020968                SystemInit
 .text.sd_evt_get
                0x00020a54        0x4 _build/softdevice_handler.o
 .text.sd_softdevice_enable
                0x00020a58        0x4 _build/softdevice_handler.o
 .text.sd_ble_enable
                0x00020a5c        0x4 _build/softdevice_handler.o
 .text.sd_ble_evt_get
                0x00020a60        0x4 _build/softdevice_handler.o
 .text.softdevice_fault_handler
                0x00020a64        0x8 _build/softdevice_handler.o
                0x00020a64                softdevice_fault_handler
 .text.intern_softdevice_events_execute.part.0
                0x00020a6c       0xd8 _build/softdevice_handler.o
 .text.softdevice_handler_init
                0x00020b44       0x7c _build/softdevice_handler.o
                0x00020b44                softdevice_handler_init
 .text.softdevice_ble_evt_handler_set
                0x00020bc0       0x14 _build/softdevice_handler.o
                0x00020bc0                softdevice_ble_evt_handler_set
 .text.softdevice_sys_evt_handler_set
                0x00020bd4       0x14 _build/softdevice_handler.o
                0x00020bd4                softdevice_sys_evt_handler_set
 .text.SWI2_IRQHandler
                0x00020be8       0x30 _build/softdevice_handler.o
                0x00020be8                SWI2_IRQHandler
 .text.softdevice_enable_get_default_config
                0x00020c18       0x30 _build/softdevice_handler.o
                0x00020c18                softdevice_enable_get_default_config
 .text.sd_check_ram_start
                0x00020c48       0x14 _build/softdevice_handler.o
                0x00020c48                sd_check_ram_start
 .text.softdevice_enable
                0x00020c5c       0x1c _build/softdevice_handler.o
                0x00020c5c                softdevice_enable
 .text          0x00020c78       0x4c _build/gcc_startup_nrf51.o
                0x00020c78                Reset_Handler
                0x00020cb8                NMI_Handler
                0x00020cba                HardFault_Handler
                0x00020cbc                SVC_Handler
                0x00020cbe                PendSV_Handler
                0x00020cc0                SysTick_Handler
                0x00020cc2                SPI0_TWI0_IRQHandler
                0x00020cc2                RTC0_IRQHandler
                0x00020cc2                POWER_CLOCK_IRQHandler
                0x00020cc2                RADIO_IRQHandler
                0x00020cc2                LPCOMP_IRQHandler
                0x00020cc2                SWI4_IRQHandler
                0x00020cc2                TEMP_IRQHandler
                0x00020cc2                QDEC_IRQHandler
                0x00020cc2                SWI5_IRQHandler
                0x00020cc2                ECB_IRQHandler
                0x00020cc2                Default_Handler
                0x00020cc2                ADC_IRQHandler
                0x00020cc2                SWI3_IRQHandler
                0x00020cc2                CCM_AAR_IRQHandler
                0x00020cc2                WDT_IRQHandler
                0x00020cc2                RNG_IRQHandler
                0x00020cc2                SPI1_TWI1_IRQHandler
                0x00020cc2                SWI1_IRQHandler
 .text          0x00020cc4      0x120 /home/marco/ARMToolchain/gcc-arm-none-eabi-4_9-2015q2/bin/../lib/gcc/arm-none-eabi/4.9.3/armv6-m/libgcc.a(_udivsi3.o)
                0x00020cc4                __udivsi3
                0x00020cc4                __aeabi_uidiv
                0x00020dd0                __aeabi_uidivmod
 .text          0x00020de4      0x1e0 /home/marco/ARMToolchain/gcc-arm-none-eabi-4_9-2015q2/bin/../lib/gcc/arm-none-eabi/4.9.3/armv6-m/libgcc.a(_divsi3.o)
                0x00020de4                __aeabi_idiv
                0x00020de4                __divsi3
                0x00020fb0                __aeabi_idivmod
 .text          0x00020fc4        0x4 /home/marco/ARMToolchain/gcc-arm-none-eabi-4_9-2015q2/bin/../lib/gcc/arm-none-eabi/4.9.3/armv6-m/libgcc.a(_dvmd_tls.o)
                0x00020fc4                __aeabi_ldiv0
                0x00020fc4                __aeabi_idiv0
 .text.memcmp   0x00020fc8       0x1e /home/marco/ARMToolchain/gcc-arm-none-eabi-4_9-2015q2/bin/../lib/gcc/arm-none-eabi/4.9.3/../../../../arm-none-eabi/lib/armv6-m/libc_nano.a(lib_a-memcmp.o)
                0x00020fc8                memcmp
 .text.memcpy   0x00020fe6       0x12 /home/marco/ARMToolchain/gcc-arm-none-eabi-4_9-2015q2/bin/../lib/gcc/arm-none-eabi/4.9.3/../../../../arm-none-eabi/lib/armv6-m/libc_nano.a(lib_a-memcpy.o)
                0x00020fe6                memcpy
 .text.strlen   0x00020ff8        0xe /home/marco/ARMToolchain/gcc-arm-none-eabi-4_9-2015q2/bin/../lib/gcc/arm-none-eabi/4.9.3/../../../../arm-none-eabi/lib/armv6-m/libc_nano.a(lib_a-strlen.o)
                0x00020ff8                strlen
 *(.init)
 *fill*         0x00021006        0x2 
 .init          0x00021008        0x4 /home/marco/ARMToolchain/gcc-arm-none-eabi-4_9-2015q2/bin/../lib/gcc/arm-none-eabi/4.9.3/armv6-m/crti.o
                0x00021008                _init
 .init          0x0002100c        0x8 /home/marco/ARMToolchain/gcc-arm-none-eabi-4_9-2015q2/bin/../lib/gcc/arm-none-eabi/4.9.3/armv6-m/crtn.o
 *(.fini)
 .fini          0x00021014        0x4 /home/marco/ARMToolchain/gcc-arm-none-eabi-4_9-2015q2/bin/../lib/gcc/arm-none-eabi/4.9.3/armv6-m/crti.o
                0x00021014                _fini
 .fini          0x00021018        0x8 /home/marco/ARMToolchain/gcc-arm-none-eabi-4_9-2015q2/bin/../lib/gcc/arm-none-eabi/4.9.3/armv6-m/crtn.o
 *crtbegin.o(.ctors)
 *crtbegin?.o(.ctors)
 *(EXCLUDE_FILE(*crtend.o *crtend?.o) .ctors)
 *(SORT(.ctors.*))
 *(.ctors)
 *crtbegin.o(.dtors)
 *crtbegin?.o(.dtors)
 *(EXCLUDE_FILE(*crtend.o *crtend?.o) .dtors)
 *(SORT(.dtors.*))
 *(.dtors)
 *(.rodata*)
 .rodata.str1.1
                0x00021020        0x2 /home/marco/ARMToolchain/gcc-arm-none-eabi-4_9-2015q2/bin/../lib/gcc/arm-none-eabi/4.9.3/../../../../arm-none-eabi/lib/armv6-m/libc_nano.a(lib_a-impure.o)
 *fill*         0x00021022        0x2 
 .rodata._global_impure_ptr
                0x00021024        0x4 /home/marco/ARMToolchain/gcc-arm-none-eabi-4_9-2015q2/bin/../lib/gcc/arm-none-eabi/4.9.3/../../../../arm-none-eabi/lib/armv6-m/libc_nano.a(lib_a-impure.o)
                0x00021024                _global_impure_ptr
 .rodata.default_values
                0x00021028       0x24 _build/application.o
                0x00021028                default_values
 .rodata.tick_timer
                0x0002104c        0x4 _build/application.o
 .rodata.ble_evt_dispatch
                0x00021050      0x118 _build/ble_manager.o
 .rodata        0x00021168        0x4 _build/ble_manager.o
 .rodata.str1.4
                0x0002116c        0x8 _build/ble_manager.o
                                  0x7 (size before relaxing)
 .rodata.preamble_adv
                0x00021174        0xc _build/ble_manager.o
 .rodata.m_scan_params
                0x00021180       0x10 _build/ble_manager.o
 .rodata        0x00021190       0x10 _build/dimmer_service.o
 .rodata.signature_field
                0x000211a0        0x4 _build/memory.o
 .rodata        0x000211a4       0x28 _build/led_strip.o
 .rodata.m_pwm_PWM1_timer
                0x000211cc        0x8 _build/led_strip.o
                0x000211cc                m_pwm_PWM1_timer
 .rodata.m_pwm_PWM2_timer
                0x000211d4        0x8 _build/led_strip.o
                0x000211d4                m_pwm_PWM2_timer
 .rodata.PWM1   0x000211dc        0x8 _build/led_strip.o
                0x000211dc                PWM1
 .rodata.PWM2   0x000211e4        0x8 _build/led_strip.o
                0x000211e4                PWM2
 .rodata.m_default_config
                0x000211ec       0x18 _build/nrf_drv_timer.o
 .rodata.swap_sub_state_sm_lut.6780
                0x00021204       0x14 _build/pstorage.o
 .rodata.swap_sub_state_sm_lut.6705
                0x00021218       0x14 _build/pstorage.o
 .rodata.m_conn_params_timer_id
                0x0002122c        0x4 _build/ble_conn_params.o
 *(.eh_frame*)
 .eh_frame      0x00021230        0x0 /home/marco/ARMToolchain/gcc-arm-none-eabi-4_9-2015q2/bin/../lib/gcc/arm-none-eabi/4.9.3/armv6-m/crtbegin.o
 .eh_frame      0x00021230        0x4 /home/marco/ARMToolchain/gcc-arm-none-eabi-4_9-2015q2/bin/../lib/gcc/arm-none-eabi/4.9.3/armv6-m/crtend.o

.glue_7         0x00021234        0x0
 .glue_7        0x00000000        0x0 linker stubs

.glue_7t        0x00021234        0x0
 .glue_7t       0x00000000        0x0 linker stubs

.vfp11_veneer   0x00021234        0x0
 .vfp11_veneer  0x00000000        0x0 linker stubs

.v4_bx          0x00021234        0x0
 .v4_bx         0x00000000        0x0 linker stubs

.iplt           0x00021234        0x0
 .iplt          0x00000000        0x0 /home/marco/ARMToolchain/gcc-arm-none-eabi-4_9-2015q2/bin/../lib/gcc/arm-none-eabi/4.9.3/armv6-m/crtbegin.o

.ARM.extab
 *(.ARM.extab* .gnu.linkonce.armextab.*)
                0x00021234                __exidx_start = .

.ARM.exidx      0x00021234        0x8
 *(.ARM.exidx* .gnu.linkonce.armexidx.*)
 .ARM.exidx     0x00021234        0x8 /home/marco/ARMToolchain/gcc-arm-none-eabi-4_9-2015q2/bin/../lib/gcc/arm-none-eabi/4.9.3/../../../../arm-none-eabi/lib/armv6-m/crt0.o
                0x0002123c                __exidx_end = .
                0x0002123c                __etext = .

.rel.dyn        0x0002123c        0x0
 .rel.iplt      0x00000000        0x0 /home/marco/ARMToolchain/gcc-arm-none-eabi-4_9-2015q2/bin/../lib/gcc/arm-none-eabi/4.9.3/armv6-m/crtbegin.o

.data           0x20002800       0x78 load address 0x0002123c
                0x20002800                __data_start__ = .
 *(vtable)
 *(.data*)
 .data.impure_data
                0x20002800       0x60 /home/marco/ARMToolchain/gcc-arm-none-eabi-4_9-2015q2/bin/../lib/gcc/arm-none-eabi/4.9.3/../../../../arm-none-eabi/lib/armv6-m/libc_nano.a(lib_a-impure.o)
 .data.adv_uuids
                0x20002860        0x4 _build/ble_manager.o
 .data.last_data_byte
                0x20002864        0x1 _build/ble_manager.o
 *fill*         0x20002865        0x1 
 .data.m_conn_handle
                0x20002866        0x2 _build/ble_manager.o
 .data.curr_state
                0x20002868        0x1 _build/memory.o
                0x2000286c                . = ALIGN (0x4)
 *fill*         0x20002869        0x3 
                0x2000286c                PROVIDE (__preinit_array_start, .)
 *(.preinit_array)
                0x2000286c                PROVIDE (__preinit_array_end, .)
                0x2000286c                . = ALIGN (0x4)
                0x2000286c                PROVIDE (__init_array_start, .)
 *(SORT(.init_array.*))
 *(.init_array)
 .init_array    0x2000286c        0x4 /home/marco/ARMToolchain/gcc-arm-none-eabi-4_9-2015q2/bin/../lib/gcc/arm-none-eabi/4.9.3/armv6-m/crtbegin.o
                0x20002870                PROVIDE (__init_array_end, .)
                0x20002870                . = ALIGN (0x4)
                0x20002870                PROVIDE (__fini_array_start, .)
 *(SORT(.fini_array.*))
 *(.fini_array)
 .fini_array    0x20002870        0x4 /home/marco/ARMToolchain/gcc-arm-none-eabi-4_9-2015q2/bin/../lib/gcc/arm-none-eabi/4.9.3/armv6-m/crtbegin.o
                0x20002874                PROVIDE (__fini_array_end, .)
 *(.jcr*)
 .jcr           0x20002874        0x0 /home/marco/ARMToolchain/gcc-arm-none-eabi-4_9-2015q2/bin/../lib/gcc/arm-none-eabi/4.9.3/armv6-m/crtbegin.o
 .jcr           0x20002874        0x4 /home/marco/ARMToolchain/gcc-arm-none-eabi-4_9-2015q2/bin/../lib/gcc/arm-none-eabi/4.9.3/armv6-m/crtend.o
                0x20002878                . = ALIGN (0x4)
                0x20002878                __data_end__ = .

.igot.plt       0x20002878        0x0 load address 0x000212b4
 .igot.plt      0x00000000        0x0 /home/marco/ARMToolchain/gcc-arm-none-eabi-4_9-2015q2/bin/../lib/gcc/arm-none-eabi/4.9.3/armv6-m/crtbegin.o

.bss            0x20002878      0x608 load address 0x000212b4
                0x20002878                . = ALIGN (0x4)
                0x20002878                __bss_start__ = .
 *(.bss*)
 .bss           0x20002878       0x1c /home/marco/ARMToolchain/gcc-arm-none-eabi-4_9-2015q2/bin/../lib/gcc/arm-none-eabi/4.9.3/armv6-m/crtbegin.o
 .bss.APP_TIMER_BUF.7890
                0x20002894      0x1c8 _build/main.o
 .bss.tick_timer_data
                0x20002a5c       0x20 _build/application.o
 .bss.ble_adv_data.8684
                0x20002a7c       0x38 _build/ble_manager.o
 .bss.BLE_EVT_BUFFER.8667
                0x20002ab4       0x48 _build/ble_manager.o
 .bss.ble_scan_resp.8685
                0x20002afc       0x38 _build/ble_manager.o
 .bss.adv_params
                0x20002b34       0x18 _build/ble_manager.o
 .bss.m_dimmer  0x20002b4c       0x24 _build/ble_manager.o
 .bss.temp_data
                0x20002b70       0x28 _build/memory.o
 .bss.block_handle
                0x20002b98        0x8 _build/memory.o
 .bss.base_handle
                0x20002ba0        0x8 _build/memory.o
 .bss.p_def_values
                0x20002ba8        0x4 _build/memory.o
 .bss.ps_signature
                0x20002bac        0x4 _build/memory.o
 .bss.red_pwm_target
                0x20002bb0        0x1 _build/led_strip.o
 .bss.red_pwm_step
                0x20002bb1        0x1 _build/led_strip.o
 .bss.white_pwm_step
                0x20002bb2        0x1 _build/led_strip.o
 .bss.green_pwm_value
                0x20002bb3        0x1 _build/led_strip.o
 .bss.red_pwm_value
                0x20002bb4        0x1 _build/led_strip.o
 .bss.green_pwm_step
                0x20002bb5        0x1 _build/led_strip.o
 .bss.white_pwm_target
                0x20002bb6        0x1 _build/led_strip.o
 .bss.green_pwm_target
                0x20002bb7        0x1 _build/led_strip.o
 .bss.pwm2_ready_flag
                0x20002bb8        0x1 _build/led_strip.o
 .bss.blue_pwm_step
                0x20002bb9        0x1 _build/led_strip.o
 .bss.blue_pwm_value
                0x20002bba        0x1 _build/led_strip.o
 .bss.white_pwm_value
                0x20002bbb        0x1 _build/led_strip.o
 .bss.blue_pwm_target
                0x20002bbc        0x1 _build/led_strip.o
 .bss.fade_count
                0x20002bbd        0x1 _build/led_strip.o
 .bss.pwm1_ready_flag
                0x20002bbe        0x1 _build/led_strip.o
 *fill*         0x20002bbf        0x1 
 .bss.m_instances
                0x20002bc0        0xc _build/app_pwm.o
 .bss.m_pwm_busy
                0x20002bcc        0x3 _build/app_pwm.o
 *fill*         0x20002bcf        0x1 
 .bss.m_pwm_target_value
                0x20002bd0        0xc _build/app_pwm.o
 .bss.m_ticks_latest
                0x20002bdc        0x4 _build/app_timer.o
 .bss.mp_timer_id_head
                0x20002be0        0x4 _build/app_timer.o
 .bss.m_evt_schedule_func
                0x20002be4        0x4 _build/app_timer.o
 .bss.m_user_array_size
                0x20002be8        0x1 _build/app_timer.o
 *fill*         0x20002be9        0x3 
 .bss.mp_users  0x20002bec        0x4 _build/app_timer.o
 .bss.m_ticks_elapsed_q_read_ind
                0x20002bf0        0x1 _build/app_timer.o
 .bss.m_ticks_elapsed_q_write_ind
                0x20002bf1        0x1 _build/app_timer.o
 .bss.m_rtc1_reset
                0x20002bf2        0x1 _build/app_timer.o
 *fill*         0x20002bf3        0x1 
 .bss.m_ticks_elapsed
                0x20002bf4        0x8 _build/app_timer.o
 .bss.m_rtc1_running
                0x20002bfc        0x1 _build/app_timer.o
 *fill*         0x20002bfd        0x3 
 .bss.m_cb      0x20002c00       0x1c _build/nrf_drv_uart.o
 .bss.m_cb      0x20002c1c       0x50 _build/nrf_drv_gpiote.o
 .bss.m_cb      0x20002c6c       0x24 _build/nrf_drv_timer.o
 .bss.m_drv_state
                0x20002c90        0x1 _build/nrf_drv_ppi.o
 .bss.m_groups_allocated
                0x20002c91        0x1 _build/nrf_drv_ppi.o
 *fill*         0x20002c92        0x2 
 .bss.m_channels_allocated
                0x20002c94        0x4 _build/nrf_drv_ppi.o
 .bss.m_cmd_queue
                0x20002c98       0xcc _build/pstorage.o
 .bss.m_num_of_bytes_written
                0x20002d64        0x4 _build/pstorage.o
 .bss.m_tail_word_size
                0x20002d68        0x4 _build/pstorage.o
 .bss.m_app_table
                0x20002d6c        0xc _build/pstorage.o
 .bss.m_next_app_instance
                0x20002d78        0x2 _build/pstorage.o
 *fill*         0x20002d7a        0x2 
 .bss.m_next_page_addr
                0x20002d7c        0x4 _build/pstorage.o
 .bss.m_flags   0x20002d80        0x4 _build/pstorage.o
 .bss.m_swap_sub_state
                0x20002d84        0x1 _build/pstorage.o
 .bss.m_state   0x20002d85        0x1 _build/pstorage.o
 *fill*         0x20002d86        0x2 
 .bss.m_app_data_size
                0x20002d88        0x4 _build/pstorage.o
 .bss.m_num_of_command_retries
                0x20002d8c        0x4 _build/pstorage.o
 .bss.m_head_word_size
                0x20002d90        0x4 _build/pstorage.o
 .bss.m_current_page_id
                0x20002d94        0x4 _build/pstorage.o
 .bss.m_change_param
                0x20002d98        0x1 _build/ble_conn_params.o
 *fill*         0x20002d99        0x3 
 .bss.m_current_conn_params
                0x20002d9c        0x8 _build/ble_conn_params.o
 .bss.m_update_count
                0x20002da4        0x1 _build/ble_conn_params.o
 *fill*         0x20002da5        0x3 
 .bss.m_conn_params_config
                0x20002da8       0x1c _build/ble_conn_params.o
 .bss.m_conn_params_timer_id_data
                0x20002dc4       0x20 _build/ble_conn_params.o
 .bss.m_conn_handle
                0x20002de4        0x2 _build/ble_conn_params.o
 *fill*         0x20002de6        0x2 
 .bss.m_preferred_conn_params
                0x20002de8        0x8 _build/ble_conn_params.o
 .bss.m_softdevice_enabled
                0x20002df0        0x1 _build/softdevice_handler.o
 *fill*         0x20002df1        0x1 
 .bss.m_ble_evt_buffer_size
                0x20002df2        0x2 _build/softdevice_handler.o
 .bss.mp_ble_evt_buffer
                0x20002df4        0x4 _build/softdevice_handler.o
 .bss.m_sys_evt_handler
                0x20002df8        0x4 _build/softdevice_handler.o
 .bss.m_ble_evt_handler
                0x20002dfc        0x4 _build/softdevice_handler.o
 .bss.m_evt_schedule_func
                0x20002e00        0x4 _build/softdevice_handler.o
 *(COMMON)
 COMMON         0x20002e04       0x24 _build/dimmer_service.o
                0x20002e04                char_values
 COMMON         0x20002e28       0x48 _build/led_strip.o
                0x20002e28                m_pwm_PWM1_cb
                0x20002e4c                m_pwm_PWM2_cb
 COMMON         0x20002e70        0x6 _build/app_pwm.o
                0x20002e70                m_pwm_ready_counter
 *fill*         0x20002e76        0x2 
 COMMON         0x20002e78        0x8 _build/softdevice_handler.o
                0x20002e78                nrf_nvic_state
                0x20002e80                . = ALIGN (0x4)
                0x20002e80                __bss_end__ = .

.heap           0x20002e80      0x800
                0x20002e80                __end__ = .
                0x20002e80                PROVIDE (end, .)
 *(.heap*)
 .heap          0x20002e80      0x800 _build/gcc_startup_nrf51.o
                0x20002e80                __HeapBase
                0x20003680                __HeapLimit = .

.stack_dummy    0x20002e80      0x800
 *(.stack*)
 .stack         0x20002e80      0x800 _build/gcc_startup_nrf51.o
                0x20008000                __StackTop = (ORIGIN (RAM) + 0x5800)
                0x20007800                __StackLimit = (__StackTop - SIZEOF (.stack_dummy))
                0x20008000                PROVIDE (__stack, __StackTop)
                0x00000001                ASSERT ((__StackLimit >= __HeapLimit), region RAM overflowed with stack)
OUTPUT(_build/ble_led_dimmer_s130.out elf32-littlearm)

.ARM.attributes
                0x00000000       0x28
 .ARM.attributes
                0x00000000       0x1e /home/marco/ARMToolchain/gcc-arm-none-eabi-4_9-2015q2/bin/../lib/gcc/arm-none-eabi/4.9.3/armv6-m/crti.o
 .ARM.attributes
                0x0000001e       0x2c /home/marco/ARMToolchain/gcc-arm-none-eabi-4_9-2015q2/bin/../lib/gcc/arm-none-eabi/4.9.3/armv6-m/crtbegin.o
 .ARM.attributes
                0x0000004a       0x1b /home/marco/ARMToolchain/gcc-arm-none-eabi-4_9-2015q2/bin/../lib/gcc/arm-none-eabi/4.9.3/../../../../arm-none-eabi/lib/armv6-m/crt0.o
 .ARM.attributes
                0x00000065       0x2c /home/marco/ARMToolchain/gcc-arm-none-eabi-4_9-2015q2/bin/../lib/gcc/arm-none-eabi/4.9.3/../../../../arm-none-eabi/lib/armv6-m/libc_nano.a(lib_a-exit.o)
 .ARM.attributes
                0x00000091       0x2c /home/marco/ARMToolchain/gcc-arm-none-eabi-4_9-2015q2/bin/../lib/gcc/arm-none-eabi/4.9.3/../../../../arm-none-eabi/lib/armv6-m/libc_nano.a(lib_a-impure.o)
 .ARM.attributes
                0x000000bd       0x2c /home/marco/ARMToolchain/gcc-arm-none-eabi-4_9-2015q2/bin/../lib/gcc/arm-none-eabi/4.9.3/../../../../arm-none-eabi/lib/armv6-m/libc_nano.a(lib_a-init.o)
 .ARM.attributes
                0x000000e9       0x2c /home/marco/ARMToolchain/gcc-arm-none-eabi-4_9-2015q2/bin/../lib/gcc/arm-none-eabi/4.9.3/../../../../arm-none-eabi/lib/armv6-m/libc_nano.a(lib_a-memset.o)
 .ARM.attributes
                0x00000115       0x2c /home/marco/ARMToolchain/gcc-arm-none-eabi-4_9-2015q2/bin/../lib/gcc/arm-none-eabi/4.9.3/../../../../arm-none-eabi/lib/armv6-m/libnosys.a(_exit.o)
 .ARM.attributes
                0x00000141       0x31 _build/main.o
 .ARM.attributes
                0x00000172       0x31 _build/application.o
 .ARM.attributes
                0x000001a3       0x31 _build/ble_manager.o
 .ARM.attributes
                0x000001d4       0x31 _build/dimmer_service.o
 .ARM.attributes
                0x00000205       0x31 _build/memory.o
 .ARM.attributes
                0x00000236       0x31 _build/led_strip.o
 .ARM.attributes
                0x00000267       0x31 _build/app_pwm.o
 .ARM.attributes
                0x00000298       0x31 _build/app_error.o
 .ARM.attributes
                0x000002c9       0x31 _build/app_error_weak.o
 .ARM.attributes
                0x000002fa       0x31 _build/app_timer.o
 .ARM.attributes
                0x0000032b       0x31 _build/app_util_platform.o
 .ARM.attributes
                0x0000035c       0x31 _build/nrf_drv_uart.o
 .ARM.attributes
                0x0000038d       0x31 _build/nrf_delay.o
 .ARM.attributes
                0x000003be       0x31 _build/nrf_drv_common.o
 .ARM.attributes
                0x000003ef       0x31 _build/nrf_drv_gpiote.o
 .ARM.attributes
                0x00000420       0x31 _build/nrf_drv_timer.o
 .ARM.attributes
                0x00000451       0x31 _build/nrf_drv_ppi.o
 .ARM.attributes
                0x00000482       0x31 _build/pstorage.o
 .ARM.attributes
                0x000004b3       0x31 _build/ble_advdata.o
 .ARM.attributes
                0x000004e4       0x31 _build/ble_conn_params.o
 .ARM.attributes
                0x00000515       0x31 _build/system_nrf51.o
 .ARM.attributes
                0x00000546       0x31 _build/softdevice_handler.o
 .ARM.attributes
                0x00000577       0x1b _build/gcc_startup_nrf51.o
 .ARM.attributes
                0x00000592       0x1e /home/marco/ARMToolchain/gcc-arm-none-eabi-4_9-2015q2/bin/../lib/gcc/arm-none-eabi/4.9.3/armv6-m/libgcc.a(_udivsi3.o)
 .ARM.attributes
                0x000005b0       0x1e /home/marco/ARMToolchain/gcc-arm-none-eabi-4_9-2015q2/bin/../lib/gcc/arm-none-eabi/4.9.3/armv6-m/libgcc.a(_divsi3.o)
 .ARM.attributes
                0x000005ce       0x1e /home/marco/ARMToolchain/gcc-arm-none-eabi-4_9-2015q2/bin/../lib/gcc/arm-none-eabi/4.9.3/armv6-m/libgcc.a(_dvmd_tls.o)
 .ARM.attributes
                0x000005ec       0x2c /home/marco/ARMToolchain/gcc-arm-none-eabi-4_9-2015q2/bin/../lib/gcc/arm-none-eabi/4.9.3/../../../../arm-none-eabi/lib/armv6-m/libc_nano.a(lib_a-memcmp.o)
 .ARM.attributes
                0x00000618       0x2c /home/marco/ARMToolchain/gcc-arm-none-eabi-4_9-2015q2/bin/../lib/gcc/arm-none-eabi/4.9.3/../../../../arm-none-eabi/lib/armv6-m/libc_nano.a(lib_a-memcpy.o)
 .ARM.attributes
                0x00000644       0x2c /home/marco/ARMToolchain/gcc-arm-none-eabi-4_9-2015q2/bin/../lib/gcc/arm-none-eabi/4.9.3/../../../../arm-none-eabi/lib/armv6-m/libc_nano.a(lib_a-strlen.o)
 .ARM.attributes
                0x00000670       0x2c /home/marco/ARMToolchain/gcc-arm-none-eabi-4_9-2015q2/bin/../lib/gcc/arm-none-eabi/4.9.3/armv6-m/crtend.o
 .ARM.attributes
                0x0000069c       0x1e /home/marco/ARMToolchain/gcc-arm-none-eabi-4_9-2015q2/bin/../lib/gcc/arm-none-eabi/4.9.3/armv6-m/crtn.o

.comment        0x00000000       0x70
 .comment       0x00000000       0x70 _build/main.o
                                 0x71 (size before relaxing)
 .comment       0x00000000       0x71 _build/application.o
 .comment       0x00000000       0x71 _build/ble_manager.o
 .comment       0x00000000       0x71 _build/dimmer_service.o
 .comment       0x00000000       0x71 _build/memory.o
 .comment       0x00000000       0x71 _build/led_strip.o
 .comment       0x00000000       0x71 _build/app_pwm.o
 .comment       0x00000000       0x71 _build/app_error.o
 .comment       0x00000000       0x71 _build/app_error_weak.o
 .comment       0x00000000       0x71 _build/app_timer.o
 .comment       0x00000000       0x71 _build/app_util_platform.o
 .comment       0x00000000       0x71 _build/nrf_drv_uart.o
 .comment       0x00000000       0x71 _build/nrf_delay.o
 .comment       0x00000000       0x71 _build/nrf_drv_common.o
 .comment       0x00000000       0x71 _build/nrf_drv_gpiote.o
 .comment       0x00000000       0x71 _build/nrf_drv_timer.o
 .comment       0x00000000       0x71 _build/nrf_drv_ppi.o
 .comment       0x00000000       0x71 _build/pstorage.o
 .comment       0x00000000       0x71 _build/ble_advdata.o
 .comment       0x00000000       0x71 _build/ble_conn_params.o
 .comment       0x00000000       0x71 _build/system_nrf51.o
 .comment       0x00000000       0x71 _build/softdevice_handler.o

.debug_frame    0x00000000      0x148
 .debug_frame   0x00000000       0x28 /home/marco/ARMToolchain/gcc-arm-none-eabi-4_9-2015q2/bin/../lib/gcc/arm-none-eabi/4.9.3/../../../../arm-none-eabi/lib/armv6-m/libc_nano.a(lib_a-exit.o)
 .debug_frame   0x00000028       0x2c /home/marco/ARMToolchain/gcc-arm-none-eabi-4_9-2015q2/bin/../lib/gcc/arm-none-eabi/4.9.3/../../../../arm-none-eabi/lib/armv6-m/libc_nano.a(lib_a-init.o)
 .debug_frame   0x00000054       0x20 /home/marco/ARMToolchain/gcc-arm-none-eabi-4_9-2015q2/bin/../lib/gcc/arm-none-eabi/4.9.3/../../../../arm-none-eabi/lib/armv6-m/libc_nano.a(lib_a-memset.o)
 .debug_frame   0x00000074       0x20 /home/marco/ARMToolchain/gcc-arm-none-eabi-4_9-2015q2/bin/../lib/gcc/arm-none-eabi/4.9.3/../../../../arm-none-eabi/lib/armv6-m/libnosys.a(_exit.o)
 .debug_frame   0x00000094       0x20 /home/marco/ARMToolchain/gcc-arm-none-eabi-4_9-2015q2/bin/../lib/gcc/arm-none-eabi/4.9.3/armv6-m/libgcc.a(_udivsi3.o)
 .debug_frame   0x000000b4       0x20 /home/marco/ARMToolchain/gcc-arm-none-eabi-4_9-2015q2/bin/../lib/gcc/arm-none-eabi/4.9.3/armv6-m/libgcc.a(_divsi3.o)
 .debug_frame   0x000000d4       0x2c /home/marco/ARMToolchain/gcc-arm-none-eabi-4_9-2015q2/bin/../lib/gcc/arm-none-eabi/4.9.3/../../../../arm-none-eabi/lib/armv6-m/libc_nano.a(lib_a-memcmp.o)
 .debug_frame   0x00000100       0x28 /home/marco/ARMToolchain/gcc-arm-none-eabi-4_9-2015q2/bin/../lib/gcc/arm-none-eabi/4.9.3/../../../../arm-none-eabi/lib/armv6-m/libc_nano.a(lib_a-memcpy.o)
 .debug_frame   0x00000128       0x20 /home/marco/ARMToolchain/gcc-arm-none-eabi-4_9-2015q2/bin/../lib/gcc/arm-none-eabi/4.9.3/../../../../arm-none-eabi/lib/armv6-m/libc_nano.a(lib_a-strlen.o)
